Archive member included to satisfy reference by file (symbol)

c:/st/stm32cubeide_1.6.0/stm32cubeide/plugins/com.st.stm32cube.ide.mcu.externaltools.gnu-tools-for-stm32.9-2020-q2-update.win32_1.5.0.202011040924/tools/bin/../lib/gcc/arm-none-eabi/9.3.1/../../../../arm-none-eabi/lib/thumb/v7e-m+fp/hard\libc_nano.a(lib_a-errno.o)
                              Core/Src/syscalls.o (__errno)
c:/st/stm32cubeide_1.6.0/stm32cubeide/plugins/com.st.stm32cube.ide.mcu.externaltools.gnu-tools-for-stm32.9-2020-q2-update.win32_1.5.0.202011040924/tools/bin/../lib/gcc/arm-none-eabi/9.3.1/../../../../arm-none-eabi/lib/thumb/v7e-m+fp/hard\libc_nano.a(lib_a-exit.o)
                              c:/st/stm32cubeide_1.6.0/stm32cubeide/plugins/com.st.stm32cube.ide.mcu.externaltools.gnu-tools-for-stm32.9-2020-q2-update.win32_1.5.0.202011040924/tools/bin/../lib/gcc/arm-none-eabi/9.3.1/../../../../arm-none-eabi/lib/thumb/v7e-m+fp/hard/crt0.o (exit)
c:/st/stm32cubeide_1.6.0/stm32cubeide/plugins/com.st.stm32cube.ide.mcu.externaltools.gnu-tools-for-stm32.9-2020-q2-update.win32_1.5.0.202011040924/tools/bin/../lib/gcc/arm-none-eabi/9.3.1/../../../../arm-none-eabi/lib/thumb/v7e-m+fp/hard\libc_nano.a(lib_a-impure.o)
                              c:/st/stm32cubeide_1.6.0/stm32cubeide/plugins/com.st.stm32cube.ide.mcu.externaltools.gnu-tools-for-stm32.9-2020-q2-update.win32_1.5.0.202011040924/tools/bin/../lib/gcc/arm-none-eabi/9.3.1/../../../../arm-none-eabi/lib/thumb/v7e-m+fp/hard\libc_nano.a(lib_a-exit.o) (_global_impure_ptr)
c:/st/stm32cubeide_1.6.0/stm32cubeide/plugins/com.st.stm32cube.ide.mcu.externaltools.gnu-tools-for-stm32.9-2020-q2-update.win32_1.5.0.202011040924/tools/bin/../lib/gcc/arm-none-eabi/9.3.1/../../../../arm-none-eabi/lib/thumb/v7e-m+fp/hard\libc_nano.a(lib_a-init.o)
                              c:/st/stm32cubeide_1.6.0/stm32cubeide/plugins/com.st.stm32cube.ide.mcu.externaltools.gnu-tools-for-stm32.9-2020-q2-update.win32_1.5.0.202011040924/tools/bin/../lib/gcc/arm-none-eabi/9.3.1/../../../../arm-none-eabi/lib/thumb/v7e-m+fp/hard/crt0.o (__libc_init_array)
c:/st/stm32cubeide_1.6.0/stm32cubeide/plugins/com.st.stm32cube.ide.mcu.externaltools.gnu-tools-for-stm32.9-2020-q2-update.win32_1.5.0.202011040924/tools/bin/../lib/gcc/arm-none-eabi/9.3.1/../../../../arm-none-eabi/lib/thumb/v7e-m+fp/hard\libc_nano.a(lib_a-malloc.o)
                              Middlewares/ST/STM32_USB_Host_Library/Class/MSC/Src/usbh_msc.o (malloc)
c:/st/stm32cubeide_1.6.0/stm32cubeide/plugins/com.st.stm32cube.ide.mcu.externaltools.gnu-tools-for-stm32.9-2020-q2-update.win32_1.5.0.202011040924/tools/bin/../lib/gcc/arm-none-eabi/9.3.1/../../../../arm-none-eabi/lib/thumb/v7e-m+fp/hard\libc_nano.a(lib_a-memcpy-stub.o)
                              Audio/MY_CS43L22.o (memcpy)
c:/st/stm32cubeide_1.6.0/stm32cubeide/plugins/com.st.stm32cube.ide.mcu.externaltools.gnu-tools-for-stm32.9-2020-q2-update.win32_1.5.0.202011040924/tools/bin/../lib/gcc/arm-none-eabi/9.3.1/../../../../arm-none-eabi/lib/thumb/v7e-m+fp/hard\libc_nano.a(lib_a-memset.o)
                              c:/st/stm32cubeide_1.6.0/stm32cubeide/plugins/com.st.stm32cube.ide.mcu.externaltools.gnu-tools-for-stm32.9-2020-q2-update.win32_1.5.0.202011040924/tools/bin/../lib/gcc/arm-none-eabi/9.3.1/../../../../arm-none-eabi/lib/thumb/v7e-m+fp/hard/crt0.o (memset)
c:/st/stm32cubeide_1.6.0/stm32cubeide/plugins/com.st.stm32cube.ide.mcu.externaltools.gnu-tools-for-stm32.9-2020-q2-update.win32_1.5.0.202011040924/tools/bin/../lib/gcc/arm-none-eabi/9.3.1/../../../../arm-none-eabi/lib/thumb/v7e-m+fp/hard\libc_nano.a(lib_a-nano-freer.o)
                              c:/st/stm32cubeide_1.6.0/stm32cubeide/plugins/com.st.stm32cube.ide.mcu.externaltools.gnu-tools-for-stm32.9-2020-q2-update.win32_1.5.0.202011040924/tools/bin/../lib/gcc/arm-none-eabi/9.3.1/../../../../arm-none-eabi/lib/thumb/v7e-m+fp/hard\libc_nano.a(lib_a-malloc.o) (_free_r)
c:/st/stm32cubeide_1.6.0/stm32cubeide/plugins/com.st.stm32cube.ide.mcu.externaltools.gnu-tools-for-stm32.9-2020-q2-update.win32_1.5.0.202011040924/tools/bin/../lib/gcc/arm-none-eabi/9.3.1/../../../../arm-none-eabi/lib/thumb/v7e-m+fp/hard\libc_nano.a(lib_a-nano-mallocr.o)
                              c:/st/stm32cubeide_1.6.0/stm32cubeide/plugins/com.st.stm32cube.ide.mcu.externaltools.gnu-tools-for-stm32.9-2020-q2-update.win32_1.5.0.202011040924/tools/bin/../lib/gcc/arm-none-eabi/9.3.1/../../../../arm-none-eabi/lib/thumb/v7e-m+fp/hard\libc_nano.a(lib_a-malloc.o) (_malloc_r)
c:/st/stm32cubeide_1.6.0/stm32cubeide/plugins/com.st.stm32cube.ide.mcu.externaltools.gnu-tools-for-stm32.9-2020-q2-update.win32_1.5.0.202011040924/tools/bin/../lib/gcc/arm-none-eabi/9.3.1/../../../../arm-none-eabi/lib/thumb/v7e-m+fp/hard\libc_nano.a(lib_a-sbrkr.o)
[...]
Memory Configuration

Name             Origin             Length             Attributes
CCMRAM           0x0000000010000000 0x0000000000010000 xrw
RAM              0x0000000020000000 0x0000000000020000 xrw
FLASH            0x0000000008000000 0x0000000000100000 xr
*default*        0x0000000000000000 0xffffffffffffffff

Linker script and memory map

LOAD c:/st/stm32cubeide_1.6.0/stm32cubeide/plugins/com.st.stm32cube.ide.mcu.externaltools.gnu-tools-for-stm32.9-2020-q2-update.win32_1.5.0.202011040924/tools/bin/../lib/gcc/arm-none-eabi/9.3.1/thumb/v7e-m+fp/hard/crti.o
LOAD c:/st/stm32cubeide_1.6.0/stm32cubeide/plugins/com.st.stm32cube.ide.mcu.externaltools.gnu-tools-for-stm32.9-2020-q2-update.win32_1.5.0.202011040924/tools/bin/../lib/gcc/arm-none-eabi/9.3.1/thumb/v7e-m+fp/hard/crtbegin.o
LOAD c:/st/stm32cubeide_1.6.0/stm32cubeide/plugins/com.st.stm32cube.ide.mcu.externaltools.gnu-tools-for-stm32.9-2020-q2-update.win32_1.5.0.202011040924/tools/bin/../lib/gcc/arm-none-eabi/9.3.1/../../../../arm-none-eabi/lib/thumb/v7e-m+fp/hard/crt0.o
LOAD Audio/MY_CS43L22.o
LOAD Audio/audioI2S.o
LOAD Audio/wav_player.o
LOAD Core/Src/main.o
LOAD Core/Src/stm32f4xx_hal_msp.o
LOAD Core/Src/stm32f4xx_it.o
LOAD Core/Src/syscalls.o
LOAD Core/Src/sysmem.o
LOAD Core/Src/system_stm32f4xx.o
LOAD Core/Startup/startup_stm32f407vgtx.o
LOAD Drivers/STM32F4xx_HAL_Driver/Src/stm32f4xx_hal.o
LOAD Drivers/STM32F4xx_HAL_Driver/Src/stm32f4xx_hal_cortex.o
LOAD Drivers/STM32F4xx_HAL_Driver/Src/stm32f4xx_hal_dma.o
LOAD Drivers/STM32F4xx_HAL_Driver/Src/stm32f4xx_hal_dma_ex.o
LOAD Drivers/STM32F4xx_HAL_Driver/Src/stm32f4xx_hal_exti.o
LOAD Drivers/STM32F4xx_HAL_Driver/Src/stm32f4xx_hal_flash.o
LOAD Drivers/STM32F4xx_HAL_Driver/Src/stm32f4xx_hal_flash_ex.o
LOAD Drivers/STM32F4xx_HAL_Driver/Src/stm32f4xx_hal_flash_ramfunc.o
LOAD Drivers/STM32F4xx_HAL_Driver/Src/stm32f4xx_hal_gpio.o
LOAD Drivers/STM32F4xx_HAL_Driver/Src/stm32f4xx_hal_hcd.o
LOAD Drivers/STM32F4xx_HAL_Driver/Src/stm32f4xx_hal_i2c.o
LOAD Drivers/STM32F4xx_HAL_Driver/Src/stm32f4xx_hal_i2c_ex.o
LOAD Drivers/STM32F4xx_HAL_Driver/Src/stm32f4xx_hal_i2s.o
LOAD Drivers/STM32F4xx_HAL_Driver/Src/stm32f4xx_hal_i2s_ex.o
LOAD Drivers/STM32F4xx_HAL_Driver/Src/stm32f4xx_hal_pwr.o
LOAD Drivers/STM32F4xx_HAL_Driver/Src/stm32f4xx_hal_pwr_ex.o
LOAD Drivers/STM32F4xx_HAL_Driver/Src/stm32f4xx_hal_rcc.o
LOAD Drivers/STM32F4xx_HAL_Driver/Src/stm32f4xx_hal_rcc_ex.o
LOAD Drivers/STM32F4xx_HAL_Driver/Src/stm32f4xx_hal_tim.o
LOAD Drivers/STM32F4xx_HAL_Driver/Src/stm32f4xx_hal_tim_ex.o
LOAD Drivers/STM32F4xx_HAL_Driver/Src/stm32f4xx_ll_usb.o
LOAD FATFS/App/fatfs.o
LOAD FATFS/Target/usbh_diskio.o
LOAD Middlewares/ST/STM32_USB_Host_Library/Class/MSC/Src/usbh_msc.o
LOAD Middlewares/ST/STM32_USB_Host_Library/Class/MSC/Src/usbh_msc_bot.o
LOAD Middlewares/ST/STM32_USB_Host_Library/Class/MSC/Src/usbh_msc_scsi.o
LOAD Middlewares/ST/STM32_USB_Host_Library/Core/Src/usbh_core.o
LOAD Middlewares/ST/STM32_USB_Host_Library/Core/Src/usbh_ctlreq.o
LOAD Middlewares/ST/STM32_USB_Host_Library/Core/Src/usbh_ioreq.o
LOAD Middlewares/ST/STM32_USB_Host_Library/Core/Src/usbh_pipes.o
LOAD Middlewares/Third_Party/FatFs/src/diskio.o
LOAD Middlewares/Third_Party/FatFs/src/ff.o
LOAD Middlewares/Third_Party/FatFs/src/ff_gen_drv.o
LOAD Middlewares/Third_Party/FatFs/src/option/syscall.o
LOAD USB_HOST/App/usb_host.o
LOAD USB_HOST/Target/usbh_conf.o
LOAD USB_HOST/Target/usbh_platform.o
START GROUP
LOAD c:/st/stm32cubeide_1.6.0/stm32cubeide/plugins/com.st.stm32cube.ide.mcu.externaltools.gnu-tools-for-stm32.9-2020-q2-update.win32_1.5.0.202011040924/tools/bin/../lib/gcc/arm-none-eabi/9.3.1/../../../../arm-none-eabi/lib/thumb/v7e-m+fp/hard\libc_nano.a
LOAD c:/st/stm32cubeide_1.6.0/stm32cubeide/plugins/com.st.stm32cube.ide.mcu.externaltools.gnu-tools-for-stm32.9-2020-q2-update.win32_1.5.0.202011040924/tools/bin/../lib/gcc/arm-none-eabi/9.3.1/../../../../arm-none-eabi/lib/thumb/v7e-m+fp/hard\libm.a
END GROUP
START GROUP
LOAD c:/st/stm32cubeide_1.6.0/stm32cubeide/plugins/com.st.stm32cube.ide.mcu.externaltools.gnu-tools-for-stm32.9-2020-q2-update.win32_1.5.0.202011040924/tools/bin/../lib/gcc/arm-none-eabi/9.3.1/thumb/v7e-m+fp/hard\libgcc.a
LOAD c:/st/stm32cubeide_1.6.0/stm32cubeide/plugins/com.st.stm32cube.ide.mcu.externaltools.gnu-tools-for-stm32.9-2020-q2-update.win32_1.5.0.202011040924/tools/bin/../lib/gcc/arm-none-eabi/9.3.1/../../../../arm-none-eabi/lib/thumb/v7e-m+fp/hard\libc_nano.a
END GROUP
START GROUP
LOAD c:/st/stm32cubeide_1.6.0/stm32cubeide/plugins/com.st.stm32cube.ide.mcu.externaltools.gnu-tools-for-stm32.9-2020-q2-update.win32_1.5.0.202011040924/tools/bin/../lib/gcc/arm-none-eabi/9.3.1/thumb/v7e-m+fp/hard\libgcc.a
LOAD c:/st/stm32cubeide_1.6.0/stm32cubeide/plugins/com.st.stm32cube.ide.mcu.externaltools.gnu-tools-for-stm32.9-2020-q2-update.win32_1.5.0.202011040924/tools/bin/../lib/gcc/arm-none-eabi/9.3.1/../../../../arm-none-eabi/lib/thumb/v7e-m+fp/hard\libc_nano.a
LOAD c:/st/stm32cubeide_1.6.0/stm32cubeide/plugins/com.st.stm32cube.ide.mcu.externaltools.gnu-tools-for-stm32.9-2020-q2-update.win32_1.5.0.202011040924/tools/bin/../lib/gcc/arm-none-eabi/9.3.1/../../../../arm-none-eabi/lib/thumb/v7e-m+fp/hard\libnosys.a
END GROUP
START GROUP
LOAD c:/st/stm32cubeide_1.6.0/stm32cubeide/plugins/com.st.stm32cube.ide.mcu.externaltools.gnu-tools-for-stm32.9-2020-q2-update.win32_1.5.0.202011040924/tools/bin/../lib/gcc/arm-none-eabi/9.3.1/thumb/v7e-m+fp/hard\libgcc.a
LOAD c:/st/stm32cubeide_1.6.0/stm32cubeide/plugins/com.st.stm32cube.ide.mcu.externaltools.gnu-tools-for-stm32.9-2020-q2-update.win32_1.5.0.202011040924/tools/bin/../lib/gcc/arm-none-eabi/9.3.1/../../../../arm-none-eabi/lib/thumb/v7e-m+fp/hard\libc_nano.a
LOAD c:/st/stm32cubeide_1.6.0/stm32cubeide/plugins/com.st.stm32cube.ide.mcu.externaltools.gnu-tools-for-stm32.9-2020-q2-update.win32_1.5.0.202011040924/tools/bin/../lib/gcc/arm-none-eabi/9.3.1/../../../../arm-none-eabi/lib/thumb/v7e-m+fp/hard\libnosys.a
END GROUP
LOAD c:/st/stm32cubeide_1.6.0/stm32cubeide/plugins/com.st.stm32cube.ide.mcu.externaltools.gnu-tools-for-stm32.9-2020-q2-update.win32_1.5.0.202011040924/tools/bin/../lib/gcc/arm-none-eabi/9.3.1/thumb/v7e-m+fp/hard/crtend.o
LOAD c:/st/stm32cubeide_1.6.0/stm32cubeide/plugins/com.st.stm32cube.ide.mcu.externaltools.gnu-tools-for-stm32.9-2020-q2-update.win32_1.5.0.202011040924/tools/bin/../lib/gcc/arm-none-eabi/9.3.1/thumb/v7e-m+fp/hard/crtn.o
                0x0000000020020000                _estack = (ORIGIN (RAM) + LENGTH (RAM))
                0x0000000000002000                _Min_Heap_Size = 0x2000
                0x0000000000002000                _Min_Stack_Size = 0x2000

.isr_vector     0x0000000008000000      0x188
                0x0000000008000000                . = ALIGN (0x4)
 *(.isr_vector)
 .isr_vector    0x0000000008000000      0x188 Core/Startup/startup_stm32f407vgtx.o
                0x0000000008000000                g_pfnVectors
                0x0000000008000188                . = ALIGN (0x4)

.text           0x0000000008000188     0xe590
                0x0000000008000188                . = ALIGN (0x4)
 *(.text)
 .text          0x0000000008000188       0x40 c:/st/stm32cubeide_1.6.0/stm32cubeide/plugins/com.st.stm32cube.ide.mcu.externaltools.gnu-tools-for-stm32.9-2020-q2-update.win32_1.5.0.202011040924/tools/bin/../lib/gcc/arm-none-eabi/9.3.1/thumb/v7e-m+fp/hard/crtbegin.o
 .text          0x00000000080001c8       0x30 c:/st/stm32cubeide_1.6.0/stm32cubeide/plugins/com.st.stm32cube.ide.mcu.externaltools.gnu-tools-for-stm32.9-2020-q2-update.win32_1.5.0.202011040924/tools/bin/../lib/gcc/arm-none-eabi/9.3.1/thumb/v7e-m+fp/hard\libgcc.a(_aeabi_uldivmod.o)
                0x00000000080001c8                __aeabi_uldivmod
 .text          0x00000000080001f8      0x2c4 c:/st/stm32cubeide_1.6.0/stm32cubeide/plugins/com.st.stm32cube.ide.mcu.externaltools.gnu-tools-for-stm32.9-2020-q2-update.win32_1.5.0.202011040924/tools/bin/../lib/gcc/arm-none-eabi/9.3.1/thumb/v7e-m+fp/hard\libgcc.a(_udivmoddi4.o)
                0x00000000080001f8                __udivmoddi4
 .text          0x00000000080004bc        0x4 c:/st/stm32cubeide_1.6.0/stm32cubeide/plugins/com.st.stm32cube.ide.mcu.externaltools.gnu-tools-for-stm32.9-2020-q2-update.win32_1.5.0.202011040924/tools/bin/../lib/gcc/arm-none-eabi/9.3.1/thumb/v7e-m+fp/hard\libgcc.a(_dvmd_tls.o)
                0x00000000080004bc                __aeabi_idiv0
                0x00000000080004bc                __aeabi_ldiv0
 *(.text*)
 .text.write_register
                0x00000000080004c0       0x34 Audio/MY_CS43L22.o
 .text.read_register
                0x00000000080004f4       0x40 Audio/MY_CS43L22.o
 .text.CS43_Init
                0x0000000008000534      0x20c Audio/MY_CS43L22.o
                0x0000000008000534                CS43_Init
 .text.CS43_Enable_RightLeft
                0x0000000008000740       0x94 Audio/MY_CS43L22.o
                0x0000000008000740                CS43_Enable_RightLeft
 .text.CS43_SetVolume
                0x00000000080007d4       0x36 Audio/MY_CS43L22.o
                0x00000000080007d4                CS43_SetVolume
 .text.CS43_SetMute
                0x000000000800080a       0x7e Audio/MY_CS43L22.o
                0x000000000800080a                CS43_SetMute
 .text.CS43_Start
                0x0000000008000888       0x98 Audio/MY_CS43L22.o
                0x0000000008000888                CS43_Start
 .text.CS43_Stop
                0x0000000008000920       0x34 Audio/MY_CS43L22.o
                0x0000000008000920                CS43_Stop
 .text.audioI2S_pllClockConfig
                0x0000000008000954       0x98 Audio/audioI2S.o
 .text.I2S3_freqUpdate
                0x00000000080009ec       0x88 Audio/audioI2S.o
 .text.audioI2S_setHandle
                0x0000000008000a74       0x20 Audio/audioI2S.o
                0x0000000008000a74                audioI2S_setHandle
 .text.audioI2S_init
                0x0000000008000a94       0x1e Audio/audioI2S.o
                0x0000000008000a94                audioI2S_init
 *fill*         0x0000000008000ab2        0x2 
 .text.audioI2S_play
                0x0000000008000ab4       0x3c Audio/audioI2S.o
                0x0000000008000ab4                audioI2S_play
 .text.audioI2S_pause
                0x0000000008000af0       0x1c Audio/audioI2S.o
                0x0000000008000af0                audioI2S_pause
 .text.audioI2S_resume
                0x0000000008000b0c       0x1c Audio/audioI2S.o
                0x0000000008000b0c                audioI2S_resume
 .text.audioI2S_stop
                0x0000000008000b28       0x1c Audio/audioI2S.o
                0x0000000008000b28                audioI2S_stop
 .text.HAL_I2S_TxCpltCallback
                0x0000000008000b44       0x24 Audio/audioI2S.o
                0x0000000008000b44                HAL_I2S_TxCpltCallback
 .text.HAL_I2S_TxHalfCpltCallback
                0x0000000008000b68       0x24 Audio/audioI2S.o
                0x0000000008000b68                HAL_I2S_TxHalfCpltCallback
 .text.wavPlayer_reset
                0x0000000008000b8c       0x24 Audio/wav_player.o
 .text.wavPlayer_fileSelect
                0x0000000008000bb0       0x54 Audio/wav_player.o
                0x0000000008000bb0                wavPlayer_fileSelect
 .text.wavPlayer_play
                0x0000000008000c04       0x64 Audio/wav_player.o
                0x0000000008000c04                wavPlayer_play
 .text.wavPlayer_process
                0x0000000008000c68       0xe4 Audio/wav_player.o
                0x0000000008000c68                wavPlayer_process
 .text.wavPlayer_stop
                0x0000000008000d4c       0x18 Audio/wav_player.o
                0x0000000008000d4c                wavPlayer_stop
 .text.wavPlayer_pause
                0x0000000008000d64        0xc Audio/wav_player.o
                0x0000000008000d64                wavPlayer_pause
 .text.wavPlayer_resume
                0x0000000008000d70        0xc Audio/wav_player.o
                0x0000000008000d70                wavPlayer_resume
 .text.wavPlayer_isFinished
                0x0000000008000d7c       0x18 Audio/wav_player.o
                0x0000000008000d7c                wavPlayer_isFinished
 .text.audioI2S_halfTransfer_Callback
                0x0000000008000d94       0x18 Audio/wav_player.o
                0x0000000008000d94                audioI2S_halfTransfer_Callback
 .text.audioI2S_fullTransfer_Callback
                0x0000000008000dac       0x18 Audio/wav_player.o
                0x0000000008000dac                audioI2S_fullTransfer_Callback
 .text.main     0x0000000008000dc4      0x22c Core/Src/main.o
                0x0000000008000dc4                main
 .text.SystemClock_Config
                0x0000000008000ff0      0x104 Core/Src/main.o
                0x0000000008000ff0                SystemClock_Config
 .text.MX_I2C1_Init
                0x00000000080010f4       0x5c Core/Src/main.o
 .text.MX_I2S3_Init
                0x0000000008001150       0x5c Core/Src/main.o
 .text.MX_DMA_Init
                0x00000000080011ac       0x40 Core/Src/main.o
 .text.MX_GPIO_Init
                0x00000000080011ec      0x124 Core/Src/main.o
 .text.Error_Handler
                0x0000000008001310        0xa Core/Src/main.o
                0x0000000008001310                Error_Handler
 *fill*         0x000000000800131a        0x2 
 .text.HAL_MspInit
                0x000000000800131c       0x50 Core/Src/stm32f4xx_hal_msp.o
                0x000000000800131c                HAL_MspInit
 .text.HAL_I2C_MspInit
                0x000000000800136c       0x90 Core/Src/stm32f4xx_hal_msp.o
                0x000000000800136c                HAL_I2C_MspInit
 .text.HAL_I2S_MspInit
                0x00000000080013fc      0x14c Core/Src/stm32f4xx_hal_msp.o
                0x00000000080013fc                HAL_I2S_MspInit
 .text.NMI_Handler
                0x0000000008001548        0x6 Core/Src/stm32f4xx_it.o
                0x0000000008001548                NMI_Handler
 .text.HardFault_Handler
                0x000000000800154e        0x6 Core/Src/stm32f4xx_it.o
                0x000000000800154e                HardFault_Handler
 .text.MemManage_Handler
                0x0000000008001554        0x6 Core/Src/stm32f4xx_it.o
                0x0000000008001554                MemManage_Handler
 .text.BusFault_Handler
                0x000000000800155a        0x6 Core/Src/stm32f4xx_it.o
                0x000000000800155a                BusFault_Handler
 .text.UsageFault_Handler
                0x0000000008001560        0x6 Core/Src/stm32f4xx_it.o
                0x0000000008001560                UsageFault_Handler
 .text.SVC_Handler
                0x0000000008001566        0xe Core/Src/stm32f4xx_it.o
                0x0000000008001566                SVC_Handler
 .text.DebugMon_Handler
                0x0000000008001574        0xe Core/Src/stm32f4xx_it.o
                0x0000000008001574                DebugMon_Handler
 .text.PendSV_Handler
                0x0000000008001582        0xe Core/Src/stm32f4xx_it.o
                0x0000000008001582                PendSV_Handler
 .text.SysTick_Handler
                0x0000000008001590        0xc Core/Src/stm32f4xx_it.o
                0x0000000008001590                SysTick_Handler
 .text.DMA1_Stream5_IRQHandler
                0x000000000800159c       0x14 Core/Src/stm32f4xx_it.o
                0x000000000800159c                DMA1_Stream5_IRQHandler
 .text.OTG_FS_IRQHandler
                0x00000000080015b0       0x14 Core/Src/stm32f4xx_it.o
                0x00000000080015b0                OTG_FS_IRQHandler
 .text._sbrk    0x00000000080015c4       0x6c Core/Src/sysmem.o
                0x00000000080015c4                _sbrk
 .text.SystemInit
                0x0000000008001630       0x24 Core/Src/system_stm32f4xx.o
                0x0000000008001630                SystemInit
 .text.Reset_Handler
                0x0000000008001654       0x50 Core/Startup/startup_stm32f407vgtx.o
                0x0000000008001654                Reset_Handler
 .text.Default_Handler
                0x00000000080016a4        0x2 Core/Startup/startup_stm32f407vgtx.o
                0x00000000080016a4                RTC_Alarm_IRQHandler
                0x00000000080016a4                HASH_RNG_IRQHandler
                0x00000000080016a4                EXTI2_IRQHandler
                0x00000000080016a4                TIM8_CC_IRQHandler
                0x00000000080016a4                TIM1_CC_IRQHandler
                0x00000000080016a4                DMA2_Stream5_IRQHandler
                0x00000000080016a4                PVD_IRQHandler
                0x00000000080016a4                SDIO_IRQHandler
                0x00000000080016a4                TAMP_STAMP_IRQHandler
                0x00000000080016a4                CAN2_RX1_IRQHandler
                0x00000000080016a4                EXTI3_IRQHandler
                0x00000000080016a4                TIM8_TRG_COM_TIM14_IRQHandler
                0x00000000080016a4                TIM1_UP_TIM10_IRQHandler
                0x00000000080016a4                TIM8_UP_TIM13_IRQHandler
                0x00000000080016a4                I2C3_ER_IRQHandler
                0x00000000080016a4                EXTI0_IRQHandler
                0x00000000080016a4                I2C2_EV_IRQHandler
                0x00000000080016a4                DMA1_Stream2_IRQHandler
                0x00000000080016a4                CAN1_RX0_IRQHandler
                0x00000000080016a4                FPU_IRQHandler
                0x00000000080016a4                OTG_HS_WKUP_IRQHandler
                0x00000000080016a4                CAN2_SCE_IRQHandler
                0x00000000080016a4                DMA2_Stream2_IRQHandler
                0x00000000080016a4                SPI1_IRQHandler
                0x00000000080016a4                TIM6_DAC_IRQHandler
                0x00000000080016a4                TIM1_BRK_TIM9_IRQHandler
                0x00000000080016a4                DCMI_IRQHandler
                0x00000000080016a4                CAN2_RX0_IRQHandler
                0x00000000080016a4                DMA2_Stream3_IRQHandler
                0x00000000080016a4                USART6_IRQHandler
                0x00000000080016a4                USART3_IRQHandler
                0x00000000080016a4                CAN1_RX1_IRQHandler
                0x00000000080016a4                UART5_IRQHandler
                0x00000000080016a4                DMA2_Stream0_IRQHandler
                0x00000000080016a4                TIM4_IRQHandler
                0x00000000080016a4                I2C1_EV_IRQHandler
                0x00000000080016a4                DMA1_Stream6_IRQHandler
                0x00000000080016a4                DMA1_Stream1_IRQHandler
                0x00000000080016a4                UART4_IRQHandler
                0x00000000080016a4                TIM3_IRQHandler
                0x00000000080016a4                RCC_IRQHandler
                0x00000000080016a4                TIM8_BRK_TIM12_IRQHandler
                0x00000000080016a4                Default_Handler
                0x00000000080016a4                EXTI15_10_IRQHandler
                0x00000000080016a4                ADC_IRQHandler
                0x00000000080016a4                DMA1_Stream7_IRQHandler
                0x00000000080016a4                TIM7_IRQHandler
                0x00000000080016a4                CAN2_TX_IRQHandler
                0x00000000080016a4                TIM5_IRQHandler
                0x00000000080016a4                DMA2_Stream7_IRQHandler
                0x00000000080016a4                I2C3_EV_IRQHandler
                0x00000000080016a4                EXTI9_5_IRQHandler
                0x00000000080016a4                RTC_WKUP_IRQHandler
                0x00000000080016a4                ETH_WKUP_IRQHandler
                0x00000000080016a4                SPI2_IRQHandler
                0x00000000080016a4                OTG_HS_EP1_IN_IRQHandler
                0x00000000080016a4                DMA1_Stream0_IRQHandler
                0x00000000080016a4                CAN1_TX_IRQHandler
                0x00000000080016a4                EXTI4_IRQHandler
                0x00000000080016a4                FSMC_IRQHandler
                0x00000000080016a4                ETH_IRQHandler
                0x00000000080016a4                OTG_HS_EP1_OUT_IRQHandler
                0x00000000080016a4                WWDG_IRQHandler
                0x00000000080016a4                TIM2_IRQHandler
                0x00000000080016a4                OTG_FS_WKUP_IRQHandler
                0x00000000080016a4                TIM1_TRG_COM_TIM11_IRQHandler
                0x00000000080016a4                OTG_HS_IRQHandler
                0x00000000080016a4                EXTI1_IRQHandler
                0x00000000080016a4                USART2_IRQHandler
                0x00000000080016a4                I2C2_ER_IRQHandler
                0x00000000080016a4                DMA2_Stream1_IRQHandler
                0x00000000080016a4                CAN1_SCE_IRQHandler
                0x00000000080016a4                FLASH_IRQHandler
                0x00000000080016a4                DMA2_Stream4_IRQHandler
                0x00000000080016a4                USART1_IRQHandler
                0x00000000080016a4                SPI3_IRQHandler
                0x00000000080016a4                DMA1_Stream4_IRQHandler
                0x00000000080016a4                I2C1_ER_IRQHandler
                0x00000000080016a4                DMA2_Stream6_IRQHandler
                0x00000000080016a4                DMA1_Stream3_IRQHandler
 *fill*         0x00000000080016a6        0x2 
 .text.HAL_Init
                0x00000000080016a8       0x44 Drivers/STM32F4xx_HAL_Driver/Src/stm32f4xx_hal.o
                0x00000000080016a8                HAL_Init
 .text.HAL_InitTick
                0x00000000080016ec       0x60 Drivers/STM32F4xx_HAL_Driver/Src/stm32f4xx_hal.o
                0x00000000080016ec                HAL_InitTick
 .text.HAL_IncTick
                0x000000000800174c       0x28 Drivers/STM32F4xx_HAL_Driver/Src/stm32f4xx_hal.o
                0x000000000800174c                HAL_IncTick
 .text.HAL_GetTick
                0x0000000008001774       0x18 Drivers/STM32F4xx_HAL_Driver/Src/stm32f4xx_hal.o
                0x0000000008001774                HAL_GetTick
 .text.HAL_Delay
                0x000000000800178c       0x48 Drivers/STM32F4xx_HAL_Driver/Src/stm32f4xx_hal.o
                0x000000000800178c                HAL_Delay
 .text.__NVIC_SetPriorityGrouping
                0x00000000080017d4       0x48 Drivers/STM32F4xx_HAL_Driver/Src/stm32f4xx_hal_cortex.o
 .text.__NVIC_GetPriorityGrouping
                0x000000000800181c       0x1c Drivers/STM32F4xx_HAL_Driver/Src/stm32f4xx_hal_cortex.o
 .text.__NVIC_EnableIRQ
                0x0000000008001838       0x3c Drivers/STM32F4xx_HAL_Driver/Src/stm32f4xx_hal_cortex.o
 .text.__NVIC_SetPriority
                0x0000000008001874       0x54 Drivers/STM32F4xx_HAL_Driver/Src/stm32f4xx_hal_cortex.o
 .text.NVIC_EncodePriority
                0x00000000080018c8       0x66 Drivers/STM32F4xx_HAL_Driver/Src/stm32f4xx_hal_cortex.o
 *fill*         0x000000000800192e        0x2 
 .text.SysTick_Config
                0x0000000008001930       0x44 Drivers/STM32F4xx_HAL_Driver/Src/stm32f4xx_hal_cortex.o
 .text.HAL_NVIC_SetPriorityGrouping
                0x0000000008001974       0x16 Drivers/STM32F4xx_HAL_Driver/Src/stm32f4xx_hal_cortex.o
                0x0000000008001974                HAL_NVIC_SetPriorityGrouping
 .text.HAL_NVIC_SetPriority
                0x000000000800198a       0x38 Drivers/STM32F4xx_HAL_Driver/Src/stm32f4xx_hal_cortex.o
                0x000000000800198a                HAL_NVIC_SetPriority
 .text.HAL_NVIC_EnableIRQ
                0x00000000080019c2       0x1c Drivers/STM32F4xx_HAL_Driver/Src/stm32f4xx_hal_cortex.o
                0x00000000080019c2                HAL_NVIC_EnableIRQ
 .text.HAL_SYSTICK_Config
                0x00000000080019de       0x18 Drivers/STM32F4xx_HAL_Driver/Src/stm32f4xx_hal_cortex.o
                0x00000000080019de                HAL_SYSTICK_Config
 *fill*         0x00000000080019f6        0x2 
 .text.HAL_DMA_Init
                0x00000000080019f8      0x15c Drivers/STM32F4xx_HAL_Driver/Src/stm32f4xx_hal_dma.o
                0x00000000080019f8                HAL_DMA_Init
 .text.HAL_DMA_Start_IT
                0x0000000008001b54       0xb0 Drivers/STM32F4xx_HAL_Driver/Src/stm32f4xx_hal_dma.o
                0x0000000008001b54                HAL_DMA_Start_IT
 .text.HAL_DMA_Abort
                0x0000000008001c04       0xe0 Drivers/STM32F4xx_HAL_Driver/Src/stm32f4xx_hal_dma.o
                0x0000000008001c04                HAL_DMA_Abort
 .text.HAL_DMA_IRQHandler
                0x0000000008001ce4      0x314 Drivers/STM32F4xx_HAL_Driver/Src/stm32f4xx_hal_dma.o
                0x0000000008001ce4                HAL_DMA_IRQHandler
 .text.DMA_SetConfig
                0x0000000008001ff8       0x5c Drivers/STM32F4xx_HAL_Driver/Src/stm32f4xx_hal_dma.o
 .text.DMA_CalcBaseAndBitshift
                0x0000000008002054       0x6c Drivers/STM32F4xx_HAL_Driver/Src/stm32f4xx_hal_dma.o
 .text.DMA_CheckFifoParam
                0x00000000080020c0       0xf8 Drivers/STM32F4xx_HAL_Driver/Src/stm32f4xx_hal_dma.o
 .text.HAL_GPIO_Init
                0x00000000080021b8      0x338 Drivers/STM32F4xx_HAL_Driver/Src/stm32f4xx_hal_gpio.o
                0x00000000080021b8                HAL_GPIO_Init
 .text.HAL_GPIO_ReadPin
                0x00000000080024f0       0x30 Drivers/STM32F4xx_HAL_Driver/Src/stm32f4xx_hal_gpio.o
                0x00000000080024f0                HAL_GPIO_ReadPin
 .text.HAL_GPIO_WritePin
                0x0000000008002520       0x32 Drivers/STM32F4xx_HAL_Driver/Src/stm32f4xx_hal_gpio.o
                0x0000000008002520                HAL_GPIO_WritePin
 .text.HAL_HCD_Init
                0x0000000008002552       0xc4 Drivers/STM32F4xx_HAL_Driver/Src/stm32f4xx_hal_hcd.o
                0x0000000008002552                HAL_HCD_Init
 .text.HAL_HCD_HC_Init
                0x0000000008002616      0x11e Drivers/STM32F4xx_HAL_Driver/Src/stm32f4xx_hal_hcd.o
                0x0000000008002616                HAL_HCD_HC_Init
 .text.HAL_HCD_HC_Halt
                0x0000000008002734       0x46 Drivers/STM32F4xx_HAL_Driver/Src/stm32f4xx_hal_hcd.o
                0x0000000008002734                HAL_HCD_HC_Halt
 *fill*         0x000000000800277a        0x2 
 .text.HAL_HCD_HC_SubmitRequest
                0x000000000800277c      0x2ac Drivers/STM32F4xx_HAL_Driver/Src/stm32f4xx_hal_hcd.o
                0x000000000800277c                HAL_HCD_HC_SubmitRequest
 .text.HAL_HCD_IRQHandler
                0x0000000008002a28      0x216 Drivers/STM32F4xx_HAL_Driver/Src/stm32f4xx_hal_hcd.o
                0x0000000008002a28                HAL_HCD_IRQHandler
 .text.HAL_HCD_Start
                0x0000000008002c3e       0x46 Drivers/STM32F4xx_HAL_Driver/Src/stm32f4xx_hal_hcd.o
                0x0000000008002c3e                HAL_HCD_Start
 .text.HAL_HCD_Stop
                0x0000000008002c84       0x3a Drivers/STM32F4xx_HAL_Driver/Src/stm32f4xx_hal_hcd.o
                0x0000000008002c84                HAL_HCD_Stop
 .text.HAL_HCD_ResetPort
                0x0000000008002cbe       0x1c Drivers/STM32F4xx_HAL_Driver/Src/stm32f4xx_hal_hcd.o
                0x0000000008002cbe                HAL_HCD_ResetPort
 .text.HAL_HCD_HC_GetURBState
                0x0000000008002cda       0x28 Drivers/STM32F4xx_HAL_Driver/Src/stm32f4xx_hal_hcd.o
                0x0000000008002cda                HAL_HCD_HC_GetURBState
 .text.HAL_HCD_HC_GetXferCount
                0x0000000008002d02       0x28 Drivers/STM32F4xx_HAL_Driver/Src/stm32f4xx_hal_hcd.o
                0x0000000008002d02                HAL_HCD_HC_GetXferCount
 .text.HAL_HCD_GetCurrentFrame
                0x0000000008002d2a       0x1c Drivers/STM32F4xx_HAL_Driver/Src/stm32f4xx_hal_hcd.o
                0x0000000008002d2a                HAL_HCD_GetCurrentFrame
 .text.HAL_HCD_GetCurrentSpeed
                0x0000000008002d46       0x1c Drivers/STM32F4xx_HAL_Driver/Src/stm32f4xx_hal_hcd.o
                0x0000000008002d46                HAL_HCD_GetCurrentSpeed
 .text.HCD_HC_IN_IRQHandler
                0x0000000008002d62      0x844 Drivers/STM32F4xx_HAL_Driver/Src/stm32f4xx_hal_hcd.o
 .text.HCD_HC_OUT_IRQHandler
                0x00000000080035a6      0x802 Drivers/STM32F4xx_HAL_Driver/Src/stm32f4xx_hal_hcd.o
 .text.HCD_RXQLVL_IRQHandler
                0x0000000008003da8      0x1a4 Drivers/STM32F4xx_HAL_Driver/Src/stm32f4xx_hal_hcd.o
 .text.HCD_Port_IRQHandler
                0x0000000008003f4c       0xe6 Drivers/STM32F4xx_HAL_Driver/Src/stm32f4xx_hal_hcd.o
 *fill*         0x0000000008004032        0x2 
 .text.HAL_I2C_Init
                0x0000000008004034      0x288 Drivers/STM32F4xx_HAL_Driver/Src/stm32f4xx_hal_i2c.o
                0x0000000008004034                HAL_I2C_Init
 .text.HAL_I2C_Master_Transmit
                0x00000000080042bc      0x1fc Drivers/STM32F4xx_HAL_Driver/Src/stm32f4xx_hal_i2c.o
                0x00000000080042bc                HAL_I2C_Master_Transmit
 .text.HAL_I2C_Master_Receive
                0x00000000080044b8      0x44c Drivers/STM32F4xx_HAL_Driver/Src/stm32f4xx_hal_i2c.o
                0x00000000080044b8                HAL_I2C_Master_Receive
 .text.HAL_I2C_Mem_Write
                0x0000000008004904      0x1f4 Drivers/STM32F4xx_HAL_Driver/Src/stm32f4xx_hal_i2c.o
                0x0000000008004904                HAL_I2C_Mem_Write
 .text.HAL_I2C_Mem_Read
                0x0000000008004af8      0x44c Drivers/STM32F4xx_HAL_Driver/Src/stm32f4xx_hal_i2c.o
                0x0000000008004af8                HAL_I2C_Mem_Read
 .text.I2C_MasterRequestWrite
                0x0000000008004f44      0x104 Drivers/STM32F4xx_HAL_Driver/Src/stm32f4xx_hal_i2c.o
 .text.I2C_MasterRequestRead
                0x0000000008005048      0x19c Drivers/STM32F4xx_HAL_Driver/Src/stm32f4xx_hal_i2c.o
 .text.I2C_RequestMemoryWrite
                0x00000000080051e4      0x12c Drivers/STM32F4xx_HAL_Driver/Src/stm32f4xx_hal_i2c.o
 .text.I2C_RequestMemoryRead
                0x0000000008005310      0x1d0 Drivers/STM32F4xx_HAL_Driver/Src/stm32f4xx_hal_i2c.o
 .text.I2C_WaitOnFlagUntilTimeout
                0x00000000080054e0       0xae Drivers/STM32F4xx_HAL_Driver/Src/stm32f4xx_hal_i2c.o
 .text.I2C_WaitOnMasterAddressFlagUntilTimeout
                0x000000000800558e       0xfe Drivers/STM32F4xx_HAL_Driver/Src/stm32f4xx_hal_i2c.o
 .text.I2C_WaitOnTXEFlagUntilTimeout
                0x000000000800568c       0x82 Drivers/STM32F4xx_HAL_Driver/Src/stm32f4xx_hal_i2c.o
 .text.I2C_WaitOnBTFFlagUntilTimeout
                0x000000000800570e       0x82 Drivers/STM32F4xx_HAL_Driver/Src/stm32f4xx_hal_i2c.o
 .text.I2C_WaitOnRXNEFlagUntilTimeout
                0x0000000008005790       0xac Drivers/STM32F4xx_HAL_Driver/Src/stm32f4xx_hal_i2c.o
 .text.I2C_IsAcknowledgeFailed
                0x000000000800583c       0x5e Drivers/STM32F4xx_HAL_Driver/Src/stm32f4xx_hal_i2c.o
 *fill*         0x000000000800589a        0x2 
 .text.HAL_I2S_Init
                0x000000000800589c      0x280 Drivers/STM32F4xx_HAL_Driver/Src/stm32f4xx_hal_i2s.o
                0x000000000800589c                HAL_I2S_Init
 .text.HAL_I2S_Transmit_DMA
                0x0000000008005b1c      0x150 Drivers/STM32F4xx_HAL_Driver/Src/stm32f4xx_hal_i2s.o
                0x0000000008005b1c                HAL_I2S_Transmit_DMA
 .text.HAL_I2S_DMAPause
                0x0000000008005c6c       0xc4 Drivers/STM32F4xx_HAL_Driver/Src/stm32f4xx_hal_i2s.o
                0x0000000008005c6c                HAL_I2S_DMAPause
 .text.HAL_I2S_DMAResume
                0x0000000008005d30      0x128 Drivers/STM32F4xx_HAL_Driver/Src/stm32f4xx_hal_i2s.o
                0x0000000008005d30                HAL_I2S_DMAResume
 .text.HAL_I2S_DMAStop
                0x0000000008005e58      0x3b4 Drivers/STM32F4xx_HAL_Driver/Src/stm32f4xx_hal_i2s.o
                0x0000000008005e58                HAL_I2S_DMAStop
 .text.HAL_I2S_RxCpltCallback
                0x000000000800620c       0x14 Drivers/STM32F4xx_HAL_Driver/Src/stm32f4xx_hal_i2s.o
                0x000000000800620c                HAL_I2S_RxCpltCallback
 .text.HAL_I2S_ErrorCallback
                0x0000000008006220       0x14 Drivers/STM32F4xx_HAL_Driver/Src/stm32f4xx_hal_i2s.o
                0x0000000008006220                HAL_I2S_ErrorCallback
 .text.I2S_DMATxCplt
                0x0000000008006234       0x42 Drivers/STM32F4xx_HAL_Driver/Src/stm32f4xx_hal_i2s.o
 .text.I2S_DMATxHalfCplt
                0x0000000008006276       0x1c Drivers/STM32F4xx_HAL_Driver/Src/stm32f4xx_hal_i2s.o
 .text.I2S_DMAError
                0x0000000008006292       0x4c Drivers/STM32F4xx_HAL_Driver/Src/stm32f4xx_hal_i2s.o
 .text.I2S_Transmit_IT
                0x00000000080062de       0x5c Drivers/STM32F4xx_HAL_Driver/Src/stm32f4xx_hal_i2s.o
 .text.I2S_Receive_IT
                0x000000000800633a       0x5e Drivers/STM32F4xx_HAL_Driver/Src/stm32f4xx_hal_i2s.o
 .text.I2S_IRQHandler
                0x0000000008006398      0x114 Drivers/STM32F4xx_HAL_Driver/Src/stm32f4xx_hal_i2s.o
 .text.I2S_WaitFlagStateUntilTimeout
                0x00000000080064ac       0x72 Drivers/STM32F4xx_HAL_Driver/Src/stm32f4xx_hal_i2s.o
 *fill*         0x000000000800651e        0x2 
 .text.HAL_I2SEx_FullDuplex_IRQHandler
                0x0000000008006520      0x2a8 Drivers/STM32F4xx_HAL_Driver/Src/stm32f4xx_hal_i2s_ex.o
                0x0000000008006520                HAL_I2SEx_FullDuplex_IRQHandler
 .text.HAL_I2SEx_TxRxCpltCallback
                0x00000000080067c8       0x14 Drivers/STM32F4xx_HAL_Driver/Src/stm32f4xx_hal_i2s_ex.o
                0x00000000080067c8                HAL_I2SEx_TxRxCpltCallback
 .text.I2SEx_TxISR_I2S
                0x00000000080067dc       0x62 Drivers/STM32F4xx_HAL_Driver/Src/stm32f4xx_hal_i2s_ex.o
 *fill*         0x000000000800683e        0x2 
 .text.I2SEx_TxISR_I2SExt
                0x0000000008006840       0x98 Drivers/STM32F4xx_HAL_Driver/Src/stm32f4xx_hal_i2s_ex.o
 .text.I2SEx_RxISR_I2S
                0x00000000080068d8       0x64 Drivers/STM32F4xx_HAL_Driver/Src/stm32f4xx_hal_i2s_ex.o
 .text.I2SEx_RxISR_I2SExt
                0x000000000800693c       0x98 Drivers/STM32F4xx_HAL_Driver/Src/stm32f4xx_hal_i2s_ex.o
 .text.HAL_RCC_OscConfig
                0x00000000080069d4      0x4f0 Drivers/STM32F4xx_HAL_Driver/Src/stm32f4xx_hal_rcc.o
                0x00000000080069d4                HAL_RCC_OscConfig
 .text.HAL_RCC_ClockConfig
                0x0000000008006ec4      0x1cc Drivers/STM32F4xx_HAL_Driver/Src/stm32f4xx_hal_rcc.o
                0x0000000008006ec4                HAL_RCC_ClockConfig
 .text.HAL_RCC_GetSysClockFreq
                0x0000000008007090      0x1c4 Drivers/STM32F4xx_HAL_Driver/Src/stm32f4xx_hal_rcc.o
                0x0000000008007090                HAL_RCC_GetSysClockFreq
 .text.HAL_RCC_GetHCLKFreq
                0x0000000008007254       0x18 Drivers/STM32F4xx_HAL_Driver/Src/stm32f4xx_hal_rcc.o
                0x0000000008007254                HAL_RCC_GetHCLKFreq
 .text.HAL_RCC_GetPCLK1Freq
                0x000000000800726c       0x28 Drivers/STM32F4xx_HAL_Driver/Src/stm32f4xx_hal_rcc.o
                0x000000000800726c                HAL_RCC_GetPCLK1Freq
 .text.HAL_RCCEx_PeriphCLKConfig
                0x0000000008007294      0x1c4 Drivers/STM32F4xx_HAL_Driver/Src/stm32f4xx_hal_rcc_ex.o
                0x0000000008007294                HAL_RCCEx_PeriphCLKConfig
 .text.HAL_RCCEx_GetPeriphCLKConfig
                0x0000000008007458       0x58 Drivers/STM32F4xx_HAL_Driver/Src/stm32f4xx_hal_rcc_ex.o
                0x0000000008007458                HAL_RCCEx_GetPeriphCLKConfig
 .text.HAL_RCCEx_GetPeriphCLKFreq
                0x00000000080074b0       0xbc Drivers/STM32F4xx_HAL_Driver/Src/stm32f4xx_hal_rcc_ex.o
                0x00000000080074b0                HAL_RCCEx_GetPeriphCLKFreq
 .text.USB_CoreInit
                0x000000000800756c       0xc2 Drivers/STM32F4xx_HAL_Driver/Src/stm32f4xx_ll_usb.o
                0x000000000800756c                USB_CoreInit
 .text.USB_EnableGlobalInt
                0x000000000800762e       0x22 Drivers/STM32F4xx_HAL_Driver/Src/stm32f4xx_ll_usb.o
                0x000000000800762e                USB_EnableGlobalInt
 .text.USB_DisableGlobalInt
                0x0000000008007650       0x22 Drivers/STM32F4xx_HAL_Driver/Src/stm32f4xx_ll_usb.o
                0x0000000008007650                USB_DisableGlobalInt
 .text.USB_SetCurrentMode
                0x0000000008007672       0x98 Drivers/STM32F4xx_HAL_Driver/Src/stm32f4xx_ll_usb.o
                0x0000000008007672                USB_SetCurrentMode
 *fill*         0x000000000800770a        0x2 
 .text.USB_FlushTxFifo
                0x000000000800770c       0x48 Drivers/STM32F4xx_HAL_Driver/Src/stm32f4xx_ll_usb.o
                0x000000000800770c                USB_FlushTxFifo
 .text.USB_FlushRxFifo
                0x0000000008007754       0x40 Drivers/STM32F4xx_HAL_Driver/Src/stm32f4xx_ll_usb.o
                0x0000000008007754                USB_FlushRxFifo
 .text.USB_WritePacket
                0x0000000008007794       0x7c Drivers/STM32F4xx_HAL_Driver/Src/stm32f4xx_ll_usb.o
                0x0000000008007794                USB_WritePacket
 .text.USB_ReadPacket
                0x0000000008007810       0xb0 Drivers/STM32F4xx_HAL_Driver/Src/stm32f4xx_ll_usb.o
                0x0000000008007810                USB_ReadPacket
 .text.USB_ReadInterrupts
                0x00000000080078c0       0x26 Drivers/STM32F4xx_HAL_Driver/Src/stm32f4xx_ll_usb.o
                0x00000000080078c0                USB_ReadInterrupts
 .text.USB_GetMode
                0x00000000080078e6       0x1c Drivers/STM32F4xx_HAL_Driver/Src/stm32f4xx_ll_usb.o
                0x00000000080078e6                USB_GetMode
 *fill*         0x0000000008007902        0x2 
 .text.USB_CoreReset
                0x0000000008007904       0x64 Drivers/STM32F4xx_HAL_Driver/Src/stm32f4xx_ll_usb.o
 .text.USB_HostInit
                0x0000000008007968      0x168 Drivers/STM32F4xx_HAL_Driver/Src/stm32f4xx_ll_usb.o
                0x0000000008007968                USB_HostInit
 .text.USB_InitFSLSPClkSel
                0x0000000008007ad0       0x74 Drivers/STM32F4xx_HAL_Driver/Src/stm32f4xx_ll_usb.o
                0x0000000008007ad0                USB_InitFSLSPClkSel
 .text.USB_ResetPort
                0x0000000008007b44       0x54 Drivers/STM32F4xx_HAL_Driver/Src/stm32f4xx_ll_usb.o
                0x0000000008007b44                USB_ResetPort
 .text.USB_DriveVbus
                0x0000000008007b98       0x72 Drivers/STM32F4xx_HAL_Driver/Src/stm32f4xx_ll_usb.o
                0x0000000008007b98                USB_DriveVbus
 .text.USB_GetHostSpeed
                0x0000000008007c0a       0x2e Drivers/STM32F4xx_HAL_Driver/Src/stm32f4xx_ll_usb.o
                0x0000000008007c0a                USB_GetHostSpeed
 .text.USB_GetCurrentFrame
                0x0000000008007c38       0x22 Drivers/STM32F4xx_HAL_Driver/Src/stm32f4xx_ll_usb.o
                0x0000000008007c38                USB_GetCurrentFrame
 *fill*         0x0000000008007c5a        0x2 
 .text.USB_HC_Init
                0x0000000008007c5c      0x21c Drivers/STM32F4xx_HAL_Driver/Src/stm32f4xx_ll_usb.o
                0x0000000008007c5c                USB_HC_Init
 .text.USB_HC_StartXfer
                0x0000000008007e78      0x284 Drivers/STM32F4xx_HAL_Driver/Src/stm32f4xx_ll_usb.o
                0x0000000008007e78                USB_HC_StartXfer
 .text.USB_HC_ReadInterrupt
                0x00000000080080fc       0x22 Drivers/STM32F4xx_HAL_Driver/Src/stm32f4xx_ll_usb.o
                0x00000000080080fc                USB_HC_ReadInterrupt
 .text.USB_HC_Halt
                0x000000000800811e      0x238 Drivers/STM32F4xx_HAL_Driver/Src/stm32f4xx_ll_usb.o
                0x000000000800811e                USB_HC_Halt
 *fill*         0x0000000008008356        0x2 
 .text.USB_DoPing
                0x0000000008008358       0x78 Drivers/STM32F4xx_HAL_Driver/Src/stm32f4xx_ll_usb.o
                0x0000000008008358                USB_DoPing
 .text.USB_StopHost
                0x00000000080083d0      0x10c Drivers/STM32F4xx_HAL_Driver/Src/stm32f4xx_ll_usb.o
                0x00000000080083d0                USB_StopHost
 .text.MX_FATFS_Init
                0x00000000080084dc       0x24 FATFS/App/fatfs.o
                0x00000000080084dc                MX_FATFS_Init
 .text.get_fattime
                0x0000000008008500       0x10 FATFS/App/fatfs.o
                0x0000000008008500                get_fattime
 .text.USBH_initialize
                0x0000000008008510       0x18 FATFS/Target/usbh_diskio.o
                0x0000000008008510                USBH_initialize
 .text.USBH_status
                0x0000000008008528       0x38 FATFS/Target/usbh_diskio.o
                0x0000000008008528                USBH_status
 .text.USBH_read
                0x0000000008008560       0x74 FATFS/Target/usbh_diskio.o
                0x0000000008008560                USBH_read
 .text.USBH_write
                0x00000000080085d4       0x84 FATFS/Target/usbh_diskio.o
                0x00000000080085d4                USBH_write
 .text.USBH_ioctl
                0x0000000008008658       0xd8 FATFS/Target/usbh_diskio.o
                0x0000000008008658                USBH_ioctl
 .text.USBH_MSC_InterfaceInit
                0x0000000008008730      0x216 Middlewares/ST/STM32_USB_Host_Library/Class/MSC/Src/usbh_msc.o
 .text.USBH_MSC_InterfaceDeInit
                0x0000000008008946       0x8c Middlewares/ST/STM32_USB_Host_Library/Class/MSC/Src/usbh_msc.o
 .text.USBH_MSC_ClassRequest
                0x00000000080089d2       0xce Middlewares/ST/STM32_USB_Host_Library/Class/MSC/Src/usbh_msc.o
 .text.USBH_MSC_Process
                0x0000000008008aa0      0x520 Middlewares/ST/STM32_USB_Host_Library/Class/MSC/Src/usbh_msc.o
 .text.USBH_MSC_SOFProcess
                0x0000000008008fc0       0x16 Middlewares/ST/STM32_USB_Host_Library/Class/MSC/Src/usbh_msc.o
 .text.USBH_MSC_RdWrProcess
                0x0000000008008fd6      0x19e Middlewares/ST/STM32_USB_Host_Library/Class/MSC/Src/usbh_msc.o
 .text.USBH_MSC_UnitIsReady
                0x0000000008009174       0x4c Middlewares/ST/STM32_USB_Host_Library/Class/MSC/Src/usbh_msc.o
                0x0000000008009174                USBH_MSC_UnitIsReady
 .text.USBH_MSC_GetLUNInfo
                0x00000000080091c0       0x48 Middlewares/ST/STM32_USB_Host_Library/Class/MSC/Src/usbh_msc.o
                0x00000000080091c0                USBH_MSC_GetLUNInfo
 .text.USBH_MSC_Read
                0x0000000008009208       0xd2 Middlewares/ST/STM32_USB_Host_Library/Class/MSC/Src/usbh_msc.o
                0x0000000008009208                USBH_MSC_Read
 .text.USBH_MSC_Write
                0x00000000080092da       0xd2 Middlewares/ST/STM32_USB_Host_Library/Class/MSC/Src/usbh_msc.o
                0x00000000080092da                USBH_MSC_Write
 .text.USBH_MSC_BOT_REQ_Reset
                0x00000000080093ac       0x3a Middlewares/ST/STM32_USB_Host_Library/Class/MSC/Src/usbh_msc_bot.o
                0x00000000080093ac                USBH_MSC_BOT_REQ_Reset
 .text.USBH_MSC_BOT_REQ_GetMaxLUN
                0x00000000080093e6       0x3c Middlewares/ST/STM32_USB_Host_Library/Class/MSC/Src/usbh_msc_bot.o
                0x00000000080093e6                USBH_MSC_BOT_REQ_GetMaxLUN
 *fill*         0x0000000008009422        0x2 
 .text.USBH_MSC_BOT_Init
                0x0000000008009424       0x44 Middlewares/ST/STM32_USB_Host_Library/Class/MSC/Src/usbh_msc_bot.o
                0x0000000008009424                USBH_MSC_BOT_Init
 .text.USBH_MSC_BOT_Process
                0x0000000008009468      0x39c Middlewares/ST/STM32_USB_Host_Library/Class/MSC/Src/usbh_msc_bot.o
                0x0000000008009468                USBH_MSC_BOT_Process
 .text.USBH_MSC_BOT_Abort
                0x0000000008009804       0x58 Middlewares/ST/STM32_USB_Host_Library/Class/MSC/Src/usbh_msc_bot.o
 .text.USBH_MSC_DecodeCSW
                0x000000000800985c       0x88 Middlewares/ST/STM32_USB_Host_Library/Class/MSC/Src/usbh_msc_bot.o
 .text.USBH_MSC_SCSI_TestUnitReady
                0x00000000080098e4       0x86 Middlewares/ST/STM32_USB_Host_Library/Class/MSC/Src/usbh_msc_scsi.o
                0x00000000080098e4                USBH_MSC_SCSI_TestUnitReady
 .text.USBH_MSC_SCSI_ReadCapacity
                0x000000000800996a       0xf6 Middlewares/ST/STM32_USB_Host_Library/Class/MSC/Src/usbh_msc_scsi.o
                0x000000000800996a                USBH_MSC_SCSI_ReadCapacity
 .text.USBH_MSC_SCSI_Inquiry
                0x0000000008009a60      0x14a Middlewares/ST/STM32_USB_Host_Library/Class/MSC/Src/usbh_msc_scsi.o
                0x0000000008009a60                USBH_MSC_SCSI_Inquiry
 .text.USBH_MSC_SCSI_RequestSense
                0x0000000008009baa       0xf2 Middlewares/ST/STM32_USB_Host_Library/Class/MSC/Src/usbh_msc_scsi.o
                0x0000000008009baa                USBH_MSC_SCSI_RequestSense
 .text.USBH_MSC_SCSI_Write
                0x0000000008009c9c       0xd6 Middlewares/ST/STM32_USB_Host_Library/Class/MSC/Src/usbh_msc_scsi.o
                0x0000000008009c9c                USBH_MSC_SCSI_Write
 .text.USBH_MSC_SCSI_Read
                0x0000000008009d72       0xd6 Middlewares/ST/STM32_USB_Host_Library/Class/MSC/Src/usbh_msc_scsi.o
                0x0000000008009d72                USBH_MSC_SCSI_Read
 .text.USBH_Init
                0x0000000008009e48       0x74 Middlewares/ST/STM32_USB_Host_Library/Core/Src/usbh_core.o
                0x0000000008009e48                USBH_Init
 .text.DeInitStateMachine
                0x0000000008009ebc       0xa8 Middlewares/ST/STM32_USB_Host_Library/Core/Src/usbh_core.o
 .text.USBH_RegisterClass
                0x0000000008009f64       0x54 Middlewares/ST/STM32_USB_Host_Library/Core/Src/usbh_core.o
                0x0000000008009f64                USBH_RegisterClass
 .text.USBH_SelectInterface
                0x0000000008009fb8       0x38 Middlewares/ST/STM32_USB_Host_Library/Core/Src/usbh_core.o
                0x0000000008009fb8                USBH_SelectInterface
 .text.USBH_FindInterface
                0x0000000008009ff0       0x8c Middlewares/ST/STM32_USB_Host_Library/Core/Src/usbh_core.o
                0x0000000008009ff0                USBH_FindInterface
 .text.USBH_Start
                0x000000000800a07c       0x20 Middlewares/ST/STM32_USB_Host_Library/Core/Src/usbh_core.o
                0x000000000800a07c                USBH_Start
 .text.USBH_Process
                0x000000000800a09c      0x3c0 Middlewares/ST/STM32_USB_Host_Library/Core/Src/usbh_core.o
                0x000000000800a09c                USBH_Process
 .text.USBH_HandleEnum
                0x000000000800a45c      0x3c8 Middlewares/ST/STM32_USB_Host_Library/Core/Src/usbh_core.o
 .text.USBH_LL_SetTimer
                0x000000000800a824       0x1e Middlewares/ST/STM32_USB_Host_Library/Core/Src/usbh_core.o
                0x000000000800a824                USBH_LL_SetTimer
 .text.USBH_LL_IncTimer
                0x000000000800a842       0x24 Middlewares/ST/STM32_USB_Host_Library/Core/Src/usbh_core.o
                0x000000000800a842                USBH_LL_IncTimer
 .text.USBH_HandleSof
                0x000000000800a866       0x30 Middlewares/ST/STM32_USB_Host_Library/Core/Src/usbh_core.o
 .text.USBH_LL_PortEnabled
                0x000000000800a896       0x1c Middlewares/ST/STM32_USB_Host_Library/Core/Src/usbh_core.o
                0x000000000800a896                USBH_LL_PortEnabled
 .text.USBH_LL_PortDisabled
                0x000000000800a8b2       0x1c Middlewares/ST/STM32_USB_Host_Library/Core/Src/usbh_core.o
                0x000000000800a8b2                USBH_LL_PortDisabled
 .text.USBH_LL_Connect
                0x000000000800a8ce       0x2e Middlewares/ST/STM32_USB_Host_Library/Core/Src/usbh_core.o
                0x000000000800a8ce                USBH_LL_Connect
 .text.USBH_LL_Disconnect
                0x000000000800a8fc       0x48 Middlewares/ST/STM32_USB_Host_Library/Core/Src/usbh_core.o
                0x000000000800a8fc                USBH_LL_Disconnect
 .text.USBH_Get_DevDesc
                0x000000000800a944       0x50 Middlewares/ST/STM32_USB_Host_Library/Core/Src/usbh_ctlreq.o
                0x000000000800a944                USBH_Get_DevDesc
 .text.USBH_Get_CfgDesc
                0x000000000800a994       0x48 Middlewares/ST/STM32_USB_Host_Library/Core/Src/usbh_ctlreq.o
                0x000000000800a994                USBH_Get_CfgDesc
 .text.USBH_Get_StringDesc
                0x000000000800a9dc       0x56 Middlewares/ST/STM32_USB_Host_Library/Core/Src/usbh_ctlreq.o
                0x000000000800a9dc                USBH_Get_StringDesc
 .text.USBH_GetDescriptor
                0x000000000800aa32       0x6a Middlewares/ST/STM32_USB_Host_Library/Core/Src/usbh_ctlreq.o
                0x000000000800aa32                USBH_GetDescriptor
 .text.USBH_SetAddress
                0x000000000800aa9c       0x48 Middlewares/ST/STM32_USB_Host_Library/Core/Src/usbh_ctlreq.o
                0x000000000800aa9c                USBH_SetAddress
 .text.USBH_SetCfg
                0x000000000800aae4       0x46 Middlewares/ST/STM32_USB_Host_Library/Core/Src/usbh_ctlreq.o
                0x000000000800aae4                USBH_SetCfg
 .text.USBH_SetFeature
                0x000000000800ab2a       0x48 Middlewares/ST/STM32_USB_Host_Library/Core/Src/usbh_ctlreq.o
                0x000000000800ab2a                USBH_SetFeature
 .text.USBH_ClrFeature
                0x000000000800ab72       0x48 Middlewares/ST/STM32_USB_Host_Library/Core/Src/usbh_ctlreq.o
                0x000000000800ab72                USBH_ClrFeature
 .text.USBH_ParseDevDesc
                0x000000000800abba       0xe0 Middlewares/ST/STM32_USB_Host_Library/Core/Src/usbh_ctlreq.o
 .text.USBH_ParseCfgDesc
                0x000000000800ac9a      0x144 Middlewares/ST/STM32_USB_Host_Library/Core/Src/usbh_ctlreq.o
 .text.USBH_ParseInterfaceDesc
                0x000000000800adde       0x5e Middlewares/ST/STM32_USB_Host_Library/Core/Src/usbh_ctlreq.o
 .text.USBH_ParseEPDesc
                0x000000000800ae3c       0x5a Middlewares/ST/STM32_USB_Host_Library/Core/Src/usbh_ctlreq.o
 .text.USBH_ParseStringDesc
                0x000000000800ae96       0x66 Middlewares/ST/STM32_USB_Host_Library/Core/Src/usbh_ctlreq.o
 .text.USBH_GetNextDesc
                0x000000000800aefc       0x36 Middlewares/ST/STM32_USB_Host_Library/Core/Src/usbh_ctlreq.o
                0x000000000800aefc                USBH_GetNextDesc
 .text.USBH_CtlReq
                0x000000000800af32       0x7a Middlewares/ST/STM32_USB_Host_Library/Core/Src/usbh_ctlreq.o
                0x000000000800af32                USBH_CtlReq
 .text.USBH_HandleControl
                0x000000000800afac      0x2e8 Middlewares/ST/STM32_USB_Host_Library/Core/Src/usbh_ctlreq.o
 .text.USBH_CtlSendSetup
                0x000000000800b294       0x34 Middlewares/ST/STM32_USB_Host_Library/Core/Src/usbh_ioreq.o
                0x000000000800b294                USBH_CtlSendSetup
 .text.USBH_CtlSendData
                0x000000000800b2c8       0x4a Middlewares/ST/STM32_USB_Host_Library/Core/Src/usbh_ioreq.o
                0x000000000800b2c8                USBH_CtlSendData
 .text.USBH_CtlReceiveData
                0x000000000800b312       0x3c Middlewares/ST/STM32_USB_Host_Library/Core/Src/usbh_ioreq.o
                0x000000000800b312                USBH_CtlReceiveData
 .text.USBH_BulkSendData
                0x000000000800b34e       0x4a Middlewares/ST/STM32_USB_Host_Library/Core/Src/usbh_ioreq.o
                0x000000000800b34e                USBH_BulkSendData
 .text.USBH_BulkReceiveData
                0x000000000800b398       0x3c Middlewares/ST/STM32_USB_Host_Library/Core/Src/usbh_ioreq.o
                0x000000000800b398                USBH_BulkReceiveData
 .text.USBH_OpenPipe
                0x000000000800b3d4       0x3e Middlewares/ST/STM32_USB_Host_Library/Core/Src/usbh_pipes.o
                0x000000000800b3d4                USBH_OpenPipe
 .text.USBH_ClosePipe
                0x000000000800b412       0x20 Middlewares/ST/STM32_USB_Host_Library/Core/Src/usbh_pipes.o
                0x000000000800b412                USBH_ClosePipe
 .text.USBH_AllocPipe
                0x000000000800b432       0x42 Middlewares/ST/STM32_USB_Host_Library/Core/Src/usbh_pipes.o
                0x000000000800b432                USBH_AllocPipe
 .text.USBH_FreePipe
                0x000000000800b474       0x3c Middlewares/ST/STM32_USB_Host_Library/Core/Src/usbh_pipes.o
                0x000000000800b474                USBH_FreePipe
 .text.USBH_GetFreePipe
                0x000000000800b4b0       0x48 Middlewares/ST/STM32_USB_Host_Library/Core/Src/usbh_pipes.o
 .text.disk_status
                0x000000000800b4f8       0x34 Middlewares/Third_Party/FatFs/src/diskio.o
                0x000000000800b4f8                disk_status
 .text.disk_initialize
                0x000000000800b52c       0x4c Middlewares/Third_Party/FatFs/src/diskio.o
                0x000000000800b52c                disk_initialize
 .text.disk_read
                0x000000000800b578       0x40 Middlewares/Third_Party/FatFs/src/diskio.o
                0x000000000800b578                disk_read
 .text.disk_write
                0x000000000800b5b8       0x40 Middlewares/Third_Party/FatFs/src/diskio.o
                0x000000000800b5b8                disk_write
 .text.disk_ioctl
                0x000000000800b5f8       0x3c Middlewares/Third_Party/FatFs/src/diskio.o
                0x000000000800b5f8                disk_ioctl
 .text.ld_word  0x000000000800b634       0x30 Middlewares/Third_Party/FatFs/src/ff.o
 .text.ld_dword
                0x000000000800b664       0x46 Middlewares/Third_Party/FatFs/src/ff.o
 .text.st_word  0x000000000800b6aa       0x36 Middlewares/Third_Party/FatFs/src/ff.o
 .text.st_dword
                0x000000000800b6e0       0x58 Middlewares/Third_Party/FatFs/src/ff.o
 .text.mem_cpy  0x000000000800b738       0x42 Middlewares/Third_Party/FatFs/src/ff.o
 .text.mem_set  0x000000000800b77a       0x36 Middlewares/Third_Party/FatFs/src/ff.o
 .text.mem_cmp  0x000000000800b7b0       0x4e Middlewares/Third_Party/FatFs/src/ff.o
 .text.chk_chr  0x000000000800b7fe       0x36 Middlewares/Third_Party/FatFs/src/ff.o
 .text.chk_lock
                0x000000000800b834       0xb8 Middlewares/Third_Party/FatFs/src/ff.o
 .text.enq_lock
                0x000000000800b8ec       0x44 Middlewares/Third_Party/FatFs/src/ff.o
 .text.inc_lock
                0x000000000800b930      0x11c Middlewares/Third_Party/FatFs/src/ff.o
 .text.dec_lock
                0x000000000800ba4c       0x78 Middlewares/Third_Party/FatFs/src/ff.o
 .text.clear_lock
                0x000000000800bac4       0x48 Middlewares/Third_Party/FatFs/src/ff.o
 .text.sync_window
                0x000000000800bb0c       0x88 Middlewares/Third_Party/FatFs/src/ff.o
 .text.move_window
                0x000000000800bb94       0x5a Middlewares/Third_Party/FatFs/src/ff.o
 *fill*         0x000000000800bbee        0x2 
 .text.sync_fs  0x000000000800bbf0       0xe0 Middlewares/Third_Party/FatFs/src/ff.o
 .text.clust2sect
                0x000000000800bcd0       0x3e Middlewares/Third_Party/FatFs/src/ff.o
 .text.get_fat  0x000000000800bd0e      0x1a8 Middlewares/Third_Party/FatFs/src/ff.o
 .text.put_fat  0x000000000800beb6      0x238 Middlewares/Third_Party/FatFs/src/ff.o
 .text.remove_chain
                0x000000000800c0ee       0xca Middlewares/Third_Party/FatFs/src/ff.o
 .text.create_chain
                0x000000000800c1b8      0x130 Middlewares/Third_Party/FatFs/src/ff.o
 .text.clmt_clust
                0x000000000800c2e8       0x70 Middlewares/Third_Party/FatFs/src/ff.o
 .text.dir_sdi  0x000000000800c358      0x112 Middlewares/Third_Party/FatFs/src/ff.o
 .text.dir_next
                0x000000000800c46a      0x1ac Middlewares/Third_Party/FatFs/src/ff.o
 .text.dir_alloc
                0x000000000800c616       0x8e Middlewares/Third_Party/FatFs/src/ff.o
 .text.ld_clust
                0x000000000800c6a4       0x3e Middlewares/Third_Party/FatFs/src/ff.o
 .text.st_clust
                0x000000000800c6e2       0x40 Middlewares/Third_Party/FatFs/src/ff.o
 .text.dir_find
                0x000000000800c722       0xaa Middlewares/Third_Party/FatFs/src/ff.o
 .text.dir_register
                0x000000000800c7cc       0x64 Middlewares/Third_Party/FatFs/src/ff.o
 .text.create_name
                0x000000000800c830      0x128 Middlewares/Third_Party/FatFs/src/ff.o
 .text.follow_path
                0x000000000800c958       0xec Middlewares/Third_Party/FatFs/src/ff.o
 .text.get_ldnumber
                0x000000000800ca44       0x88 Middlewares/Third_Party/FatFs/src/ff.o
 .text.check_fs
                0x000000000800cacc       0xac Middlewares/Third_Party/FatFs/src/ff.o
 .text.find_volume
                0x000000000800cb78      0x508 Middlewares/Third_Party/FatFs/src/ff.o
 .text.validate
                0x000000000800d080       0x6a Middlewares/Third_Party/FatFs/src/ff.o
 *fill*         0x000000000800d0ea        0x2 
 .text.f_mount  0x000000000800d0ec       0x8c Middlewares/Third_Party/FatFs/src/ff.o
                0x000000000800d0ec                f_mount
 .text.f_open   0x000000000800d178      0x398 Middlewares/Third_Party/FatFs/src/ff.o
                0x000000000800d178                f_open
 .text.f_read   0x000000000800d510      0x2be Middlewares/Third_Party/FatFs/src/ff.o
                0x000000000800d510                f_read
 .text.f_sync   0x000000000800d7ce       0xfc Middlewares/Third_Party/FatFs/src/ff.o
                0x000000000800d7ce                f_sync
 .text.f_close  0x000000000800d8ca       0x54 Middlewares/Third_Party/FatFs/src/ff.o
                0x000000000800d8ca                f_close
 .text.f_lseek  0x000000000800d91e      0x448 Middlewares/Third_Party/FatFs/src/ff.o
                0x000000000800d91e                f_lseek
 *fill*         0x000000000800dd66        0x2 
 .text.FATFS_LinkDriverEx
                0x000000000800dd68       0x98 Middlewares/Third_Party/FatFs/src/ff_gen_drv.o
                0x000000000800dd68                FATFS_LinkDriverEx
 .text.FATFS_LinkDriver
                0x000000000800de00       0x1e Middlewares/Third_Party/FatFs/src/ff_gen_drv.o
                0x000000000800de00                FATFS_LinkDriver
 *fill*         0x000000000800de1e        0x2 
 .text.MX_USB_HOST_Init
                0x000000000800de20       0x4c USB_HOST/App/usb_host.o
                0x000000000800de20                MX_USB_HOST_Init
 .text.MX_USB_HOST_Process
                0x000000000800de6c       0x14 USB_HOST/App/usb_host.o
                0x000000000800de6c                MX_USB_HOST_Process
 .text.USBH_UserProcess
                0x000000000800de80       0x5c USB_HOST/App/usb_host.o
 .text.HAL_HCD_MspInit
                0x000000000800dedc       0xc4 USB_HOST/Target/usbh_conf.o
                0x000000000800dedc                HAL_HCD_MspInit
 .text.HAL_HCD_SOF_Callback
                0x000000000800dfa0       0x1c USB_HOST/Target/usbh_conf.o
                0x000000000800dfa0                HAL_HCD_SOF_Callback
 .text.HAL_HCD_Connect_Callback
                0x000000000800dfbc       0x1c USB_HOST/Target/usbh_conf.o
                0x000000000800dfbc                HAL_HCD_Connect_Callback
 .text.HAL_HCD_Disconnect_Callback
                0x000000000800dfd8       0x1c USB_HOST/Target/usbh_conf.o
                0x000000000800dfd8                HAL_HCD_Disconnect_Callback
 .text.HAL_HCD_HC_NotifyURBChange_Callback
                0x000000000800dff4       0x1c USB_HOST/Target/usbh_conf.o
                0x000000000800dff4                HAL_HCD_HC_NotifyURBChange_Callback
 .text.HAL_HCD_PortEnabled_Callback
                0x000000000800e010       0x1c USB_HOST/Target/usbh_conf.o
                0x000000000800e010                HAL_HCD_PortEnabled_Callback
 .text.HAL_HCD_PortDisabled_Callback
                0x000000000800e02c       0x1c USB_HOST/Target/usbh_conf.o
                0x000000000800e02c                HAL_HCD_PortDisabled_Callback
 .text.USBH_LL_Init
                0x000000000800e048       0x78 USB_HOST/Target/usbh_conf.o
                0x000000000800e048                USBH_LL_Init
 .text.USBH_LL_Start
                0x000000000800e0c0       0x36 USB_HOST/Target/usbh_conf.o
                0x000000000800e0c0                USBH_LL_Start
 .text.USBH_LL_Stop
                0x000000000800e0f6       0x36 USB_HOST/Target/usbh_conf.o
                0x000000000800e0f6                USBH_LL_Stop
 .text.USBH_LL_GetSpeed
                0x000000000800e12c       0x4e USB_HOST/Target/usbh_conf.o
                0x000000000800e12c                USBH_LL_GetSpeed
 .text.USBH_LL_ResetPort
                0x000000000800e17a       0x36 USB_HOST/Target/usbh_conf.o
                0x000000000800e17a                USBH_LL_ResetPort
 .text.USBH_LL_GetLastXferSize
                0x000000000800e1b0       0x26 USB_HOST/Target/usbh_conf.o
                0x000000000800e1b0                USBH_LL_GetLastXferSize
 .text.USBH_LL_OpenPipe
                0x000000000800e1d6       0x5e USB_HOST/Target/usbh_conf.o
                0x000000000800e1d6                USBH_LL_OpenPipe
 .text.USBH_LL_ClosePipe
                0x000000000800e234       0x3e USB_HOST/Target/usbh_conf.o
                0x000000000800e234                USBH_LL_ClosePipe
 .text.USBH_LL_SubmitURB
                0x000000000800e272       0x62 USB_HOST/Target/usbh_conf.o
                0x000000000800e272                USBH_LL_SubmitURB
 .text.USBH_LL_GetURBState
                0x000000000800e2d4       0x26 USB_HOST/Target/usbh_conf.o
                0x000000000800e2d4                USBH_LL_GetURBState
 .text.USBH_LL_DriverVBUS
                0x000000000800e2fa       0x2e USB_HOST/Target/usbh_conf.o
                0x000000000800e2fa                USBH_LL_DriverVBUS
 .text.USBH_LL_SetToggle
                0x000000000800e328       0x60 USB_HOST/Target/usbh_conf.o
                0x000000000800e328                USBH_LL_SetToggle
 .text.USBH_LL_GetToggle
                0x000000000800e388       0x60 USB_HOST/Target/usbh_conf.o
                0x000000000800e388                USBH_LL_GetToggle
 .text.USBH_Delay
                0x000000000800e3e8       0x16 USB_HOST/Target/usbh_conf.o
                0x000000000800e3e8                USBH_Delay
 *fill*         0x000000000800e3fe        0x2 
 .text.USBH_Get_USB_Status
                0x000000000800e400       0x58 USB_HOST/Target/usbh_conf.o
                0x000000000800e400                USBH_Get_USB_Status
 .text.MX_DriverVbusFS
                0x000000000800e458       0x78 USB_HOST/Target/usbh_platform.o
                0x000000000800e458                MX_DriverVbusFS
 .text.__errno  0x000000000800e4d0        0xc c:/st/stm32cubeide_1.6.0/stm32cubeide/plugins/com.st.stm32cube.ide.mcu.externaltools.gnu-tools-for-stm32.9-2020-q2-update.win32_1.5.0.202011040924/tools/bin/../lib/gcc/arm-none-eabi/9.3.1/../../../../arm-none-eabi/lib/thumb/v7e-m+fp/hard\libc_nano.a(lib_a-errno.o)
                0x000000000800e4d0                __errno
 .text.__libc_init_array
                0x000000000800e4dc       0x48 c:/st/stm32cubeide_1.6.0/stm32cubeide/plugins/com.st.stm32cube.ide.mcu.externaltools.gnu-tools-for-stm32.9-2020-q2-update.win32_1.5.0.202011040924/tools/bin/../lib/gcc/arm-none-eabi/9.3.1/../../../../arm-none-eabi/lib/thumb/v7e-m+fp/hard\libc_nano.a(lib_a-init.o)
                0x000000000800e4dc                __libc_init_array
 .text.malloc   0x000000000800e524       0x10 c:/st/stm32cubeide_1.6.0/stm32cubeide/plugins/com.st.stm32cube.ide.mcu.externaltools.gnu-tools-for-stm32.9-2020-q2-update.win32_1.5.0.202011040924/tools/bin/../lib/gcc/arm-none-eabi/9.3.1/../../../../arm-none-eabi/lib/thumb/v7e-m+fp/hard\libc_nano.a(lib_a-malloc.o)
                0x000000000800e524                malloc
 .text.free     0x000000000800e534       0x10 c:/st/stm32cubeide_1.6.0/stm32cubeide/plugins/com.st.stm32cube.ide.mcu.externaltools.gnu-tools-for-stm32.9-2020-q2-update.win32_1.5.0.202011040924/tools/bin/../lib/gcc/arm-none-eabi/9.3.1/../../../../arm-none-eabi/lib/thumb/v7e-m+fp/hard\libc_nano.a(lib_a-malloc.o)
                0x000000000800e534                free
 .text.memcpy   0x000000000800e544       0x1c c:/st/stm32cubeide_1.6.0/stm32cubeide/plugins/com.st.stm32cube.ide.mcu.externaltools.gnu-tools-for-stm32.9-2020-q2-update.win32_1.5.0.202011040924/tools/bin/../lib/gcc/arm-none-eabi/9.3.1/../../../../arm-none-eabi/lib/thumb/v7e-m+fp/hard\libc_nano.a(lib_a-memcpy-stub.o)
                0x000000000800e544                memcpy
 .text.memset   0x000000000800e560       0x10 c:/st/stm32cubeide_1.6.0/stm32cubeide/plugins/com.st.stm32cube.ide.mcu.externaltools.gnu-tools-for-stm32.9-2020-q2-update.win32_1.5.0.202011040924/tools/bin/../lib/gcc/arm-none-eabi/9.3.1/../../../../arm-none-eabi/lib/thumb/v7e-m+fp/hard\libc_nano.a(lib_a-memset.o)
                0x000000000800e560                memset
 .text._free_r  0x000000000800e570       0xa0 c:/st/stm32cubeide_1.6.0/stm32cubeide/plugins/com.st.stm32cube.ide.mcu.externaltools.gnu-tools-for-stm32.9-2020-q2-update.win32_1.5.0.202011040924/tools/bin/../lib/gcc/arm-none-eabi/9.3.1/../../../../arm-none-eabi/lib/thumb/v7e-m+fp/hard\libc_nano.a(lib_a-nano-freer.o)
                0x000000000800e570                _free_r
 .text._malloc_r
                0x000000000800e610       0xb4 c:/st/stm32cubeide_1.6.0/stm32cubeide/plugins/com.st.stm32cube.ide.mcu.externaltools.gnu-tools-for-stm32.9-2020-q2-update.win32_1.5.0.202011040924/tools/bin/../lib/gcc/arm-none-eabi/9.3.1/../../../../arm-none-eabi/lib/thumb/v7e-m+fp/hard\libc_nano.a(lib_a-nano-mallocr.o)
                0x000000000800e610                _malloc_r
 .text._sbrk_r  0x000000000800e6c4       0x20 c:/st/stm32cubeide_1.6.0/stm32cubeide/plugins/com.st.stm32cube.ide.mcu.externaltools.gnu-tools-for-stm32.9-2020-q2-update.win32_1.5.0.202011040924/tools/bin/../lib/gcc/arm-none-eabi/9.3.1/../../../../arm-none-eabi/lib/thumb/v7e-m+fp/hard\libc_nano.a(lib_a-sbrkr.o)
                0x000000000800e6c4                _sbrk_r
 .text.__malloc_lock
                0x000000000800e6e4        0xc c:/st/stm32cubeide_1.6.0/stm32cubeide/plugins/com.st.stm32cube.ide.mcu.externaltools.gnu-tools-for-stm32.9-2020-q2-update.win32_1.5.0.202011040924/tools/bin/../lib/gcc/arm-none-eabi/9.3.1/../../../../arm-none-eabi/lib/thumb/v7e-m+fp/hard\libc_nano.a(lib_a-mlock.o)
                0x000000000800e6e4                __malloc_lock
 .text.__malloc_unlock
                0x000000000800e6f0        0xc c:/st/stm32cubeide_1.6.0/stm32cubeide/plugins/com.st.stm32cube.ide.mcu.externaltools.gnu-tools-for-stm32.9-2020-q2-update.win32_1.5.0.202011040924/tools/bin/../lib/gcc/arm-none-eabi/9.3.1/../../../../arm-none-eabi/lib/thumb/v7e-m+fp/hard\libc_nano.a(lib_a-mlock.o)
                0x000000000800e6f0                __malloc_unlock
 .text.__retarget_lock_acquire_recursive
                0x000000000800e6fc        0x2 c:/st/stm32cubeide_1.6.0/stm32cubeide/plugins/com.st.stm32cube.ide.mcu.externaltools.gnu-tools-for-stm32.9-2020-q2-update.win32_1.5.0.202011040924/tools/bin/../lib/gcc/arm-none-eabi/9.3.1/../../../../arm-none-eabi/lib/thumb/v7e-m+fp/hard\libc_nano.a(lib_a-lock.o)
                0x000000000800e6fc                __retarget_lock_acquire_recursive
 .text.__retarget_lock_release_recursive
                0x000000000800e6fe        0x2 c:/st/stm32cubeide_1.6.0/stm32cubeide/plugins/com.st.stm32cube.ide.mcu.externaltools.gnu-tools-for-stm32.9-2020-q2-update.win32_1.5.0.202011040924/tools/bin/../lib/gcc/arm-none-eabi/9.3.1/../../../../arm-none-eabi/lib/thumb/v7e-m+fp/hard\libc_nano.a(lib_a-lock.o)
                0x000000000800e6fe                __retarget_lock_release_recursive
 *(.glue_7)
 .glue_7        0x000000000800e700        0x0 linker stubs
 *(.glue_7t)
 .glue_7t       0x000000000800e700        0x0 linker stubs
 *(.eh_frame)
 .eh_frame      0x000000000800e700        0x0 c:/st/stm32cubeide_1.6.0/stm32cubeide/plugins/com.st.stm32cube.ide.mcu.externaltools.gnu-tools-for-stm32.9-2020-q2-update.win32_1.5.0.202011040924/tools/bin/../lib/gcc/arm-none-eabi/9.3.1/thumb/v7e-m+fp/hard/crtbegin.o
 *(.init)
 .init          0x000000000800e700        0x4 c:/st/stm32cubeide_1.6.0/stm32cubeide/plugins/com.st.stm32cube.ide.mcu.externaltools.gnu-tools-for-stm32.9-2020-q2-update.win32_1.5.0.202011040924/tools/bin/../lib/gcc/arm-none-eabi/9.3.1/thumb/v7e-m+fp/hard/crti.o
                0x000000000800e700                _init
 .init          0x000000000800e704        0x8 c:/st/stm32cubeide_1.6.0/stm32cubeide/plugins/com.st.stm32cube.ide.mcu.externaltools.gnu-tools-for-stm32.9-2020-q2-update.win32_1.5.0.202011040924/tools/bin/../lib/gcc/arm-none-eabi/9.3.1/thumb/v7e-m+fp/hard/crtn.o
 *(.fini)
 .fini          0x000000000800e70c        0x4 c:/st/stm32cubeide_1.6.0/stm32cubeide/plugins/com.st.stm32cube.ide.mcu.externaltools.gnu-tools-for-stm32.9-2020-q2-update.win32_1.5.0.202011040924/tools/bin/../lib/gcc/arm-none-eabi/9.3.1/thumb/v7e-m+fp/hard/crti.o
                0x000000000800e70c                _fini
 .fini          0x000000000800e710        0x8 c:/st/stm32cubeide_1.6.0/stm32cubeide/plugins/com.st.stm32cube.ide.mcu.externaltools.gnu-tools-for-stm32.9-2020-q2-update.win32_1.5.0.202011040924/tools/bin/../lib/gcc/arm-none-eabi/9.3.1/thumb/v7e-m+fp/hard/crtn.o
                0x000000000800e718                . = ALIGN (0x4)
                0x000000000800e718                _etext = .

.vfp11_veneer   0x000000000800e718        0x0
 .vfp11_veneer  0x000000000800e718        0x0 linker stubs

.v4_bx          0x000000000800e718        0x0
 .v4_bx         0x000000000800e718        0x0 linker stubs

.iplt           0x000000000800e718        0x0
 .iplt          0x000000000800e718        0x0 c:/st/stm32cubeide_1.6.0/stm32cubeide/plugins/com.st.stm32cube.ide.mcu.externaltools.gnu-tools-for-stm32.9-2020-q2-update.win32_1.5.0.202011040924/tools/bin/../lib/gcc/arm-none-eabi/9.3.1/thumb/v7e-m+fp/hard/crtbegin.o

.rodata         0x000000000800e718      0x194
                0x000000000800e718                . = ALIGN (0x4)
 *(.rodata)
 .rodata        0x000000000800e718       0x36 Core/Src/main.o
 *fill*         0x000000000800e74e        0x2 
 .rodata        0x000000000800e750        0x4 Middlewares/ST/STM32_USB_Host_Library/Class/MSC/Src/usbh_msc.o
 .rodata        0x000000000800e754       0x44 Middlewares/Third_Party/FatFs/src/ff.o
 *(.rodata*)
 .rodata.I2SFreq
                0x000000000800e798       0x20 Audio/audioI2S.o
                0x000000000800e798                I2SFreq
 .rodata.I2SPLLN
                0x000000000800e7b8       0x20 Audio/audioI2S.o
                0x000000000800e7b8                I2SPLLN
 .rodata.I2SPLLR
                0x000000000800e7d8       0x20 Audio/audioI2S.o
                0x000000000800e7d8                I2SPLLR
 .rodata.AHBPrescTable
                0x000000000800e7f8       0x10 Core/Src/system_stm32f4xx.o
                0x000000000800e7f8                AHBPrescTable
 .rodata.APBPrescTable
                0x000000000800e808        0x8 Core/Src/system_stm32f4xx.o
                0x000000000800e808                APBPrescTable
 .rodata.flagBitshiftOffset.8288
                0x000000000800e810        0x8 Drivers/STM32F4xx_HAL_Driver/Src/stm32f4xx_hal_dma.o
 .rodata.USBH_Driver
                0x000000000800e818       0x14 FATFS/Target/usbh_diskio.o
                0x000000000800e818                USBH_Driver
 .rodata.ExCvt  0x000000000800e82c       0x80 Middlewares/Third_Party/FatFs/src/ff.o
                0x000000000800e8ac                . = ALIGN (0x4)

.ARM.extab      0x000000000800e8ac        0x0
                0x000000000800e8ac                . = ALIGN (0x4)
 *(.ARM.extab* .gnu.linkonce.armextab.*)
                0x000000000800e8ac                . = ALIGN (0x4)

.ARM            0x000000000800e8ac        0x8
                0x000000000800e8ac                . = ALIGN (0x4)
                0x000000000800e8ac                __exidx_start = .
 *(.ARM.exidx*)
 .ARM.exidx     0x000000000800e8ac        0x8 c:/st/stm32cubeide_1.6.0/stm32cubeide/plugins/com.st.stm32cube.ide.mcu.externaltools.gnu-tools-for-stm32.9-2020-q2-update.win32_1.5.0.202011040924/tools/bin/../lib/gcc/arm-none-eabi/9.3.1/thumb/v7e-m+fp/hard\libgcc.a(_udivmoddi4.o)
                0x000000000800e8b4                __exidx_end = .
                0x000000000800e8b4                . = ALIGN (0x4)

.rel.dyn        0x000000000800e8b4        0x0
 .rel.iplt      0x000000000800e8b4        0x0 c:/st/stm32cubeide_1.6.0/stm32cubeide/plugins/com.st.stm32cube.ide.mcu.externaltools.gnu-tools-for-stm32.9-2020-q2-update.win32_1.5.0.202011040924/tools/bin/../lib/gcc/arm-none-eabi/9.3.1/thumb/v7e-m+fp/hard/crtbegin.o

.preinit_array  0x000000000800e8b4        0x0
                0x000000000800e8b4                . = ALIGN (0x4)
                0x000000000800e8b4                PROVIDE (__preinit_array_start = .)
 *(.preinit_array*)
                0x000000000800e8b4                PROVIDE (__preinit_array_end = .)
                0x000000000800e8b4                . = ALIGN (0x4)

.init_array     0x000000000800e8b4        0x4
                0x000000000800e8b4                . = ALIGN (0x4)
                0x000000000800e8b4                PROVIDE (__init_array_start = .)
 *(SORT_BY_NAME(.init_array.*))
 *(.init_array*)
 .init_array    0x000000000800e8b4        0x4 c:/st/stm32cubeide_1.6.0/stm32cubeide/plugins/com.st.stm32cube.ide.mcu.externaltools.gnu-tools-for-stm32.9-2020-q2-update.win32_1.5.0.202011040924/tools/bin/../lib/gcc/arm-none-eabi/9.3.1/thumb/v7e-m+fp/hard/crtbegin.o
                0x000000000800e8b8                PROVIDE (__init_array_end = .)
                0x000000000800e8b8                . = ALIGN (0x4)

.fini_array     0x000000000800e8b8        0x4
                0x000000000800e8b8                . = ALIGN (0x4)
                [!provide]                        PROVIDE (__fini_array_start = .)
 *(SORT_BY_NAME(.fini_array.*))
 *(.fini_array*)
 .fini_array    0x000000000800e8b8        0x4 c:/st/stm32cubeide_1.6.0/stm32cubeide/plugins/com.st.stm32cube.ide.mcu.externaltools.gnu-tools-for-stm32.9-2020-q2-update.win32_1.5.0.202011040924/tools/bin/../lib/gcc/arm-none-eabi/9.3.1/thumb/v7e-m+fp/hard/crtbegin.o
                [!provide]                        PROVIDE (__fini_array_end = .)
                0x000000000800e8bc                . = ALIGN (0x4)
                0x000000000800e8bc                _sidata = LOADADDR (.data)

.data           0x0000000020000000       0x90 load address 0x000000000800e8bc
                0x0000000020000000                . = ALIGN (0x4)
                0x0000000020000000                _sdata = .
 *(.data)
 *(.data*)
 .data.SystemCoreClock
                0x0000000020000000        0x4 Core/Src/system_stm32f4xx.o
                0x0000000020000000                SystemCoreClock
 .data.uwTickPrio
                0x0000000020000004        0x4 Drivers/STM32F4xx_HAL_Driver/Src/stm32f4xx_hal.o
                0x0000000020000004                uwTickPrio
 .data.uwTickFreq
                0x0000000020000008        0x1 Drivers/STM32F4xx_HAL_Driver/Src/stm32f4xx_hal.o
                0x0000000020000008                uwTickFreq
 *fill*         0x0000000020000009        0x3 
 .data.USBH_msc
                0x000000002000000c       0x20 Middlewares/ST/STM32_USB_Host_Library/Class/MSC/Src/usbh_msc.o
                0x000000002000000c                USBH_msc
 .data._impure_ptr
                0x000000002000002c        0x4 c:/st/stm32cubeide_1.6.0/stm32cubeide/plugins/com.st.stm32cube.ide.mcu.externaltools.gnu-tools-for-stm32.9-2020-q2-update.win32_1.5.0.202011040924/tools/bin/../lib/gcc/arm-none-eabi/9.3.1/../../../../arm-none-eabi/lib/thumb/v7e-m+fp/hard\libc_nano.a(lib_a-impure.o)
                0x000000002000002c                _impure_ptr
 .data.impure_data
                0x0000000020000030       0x60 c:/st/stm32cubeide_1.6.0/stm32cubeide/plugins/com.st.stm32cube.ide.mcu.externaltools.gnu-tools-for-stm32.9-2020-q2-update.win32_1.5.0.202011040924/tools/bin/../lib/gcc/arm-none-eabi/9.3.1/../../../../arm-none-eabi/lib/thumb/v7e-m+fp/hard\libc_nano.a(lib_a-impure.o)
 *(.RamFunc)
 *(.RamFunc*)
                0x0000000020000090                . = ALIGN (0x4)
                0x0000000020000090                _edata = .

.igot.plt       0x0000000020000090        0x0 load address 0x000000000800e94c
 .igot.plt      0x0000000020000090        0x0 c:/st/stm32cubeide_1.6.0/stm32cubeide/plugins/com.st.stm32cube.ide.mcu.externaltools.gnu-tools-for-stm32.9-2020-q2-update.win32_1.5.0.202011040924/tools/bin/../lib/gcc/arm-none-eabi/9.3.1/thumb/v7e-m+fp/hard/crtbegin.o
                0x0000000020000090                . = ALIGN (0x4)

.bss            0x0000000020000090     0x4958 load address 0x000000000800e94c
                0x0000000020000090                _sbss = .
                0x0000000020000090                __bss_start__ = _sbss
 *(.bss)
 .bss           0x0000000020000090       0x1c c:/st/stm32cubeide_1.6.0/stm32cubeide/plugins/com.st.stm32cube.ide.mcu.externaltools.gnu-tools-for-stm32.9-2020-q2-update.win32_1.5.0.202011040924/tools/bin/../lib/gcc/arm-none-eabi/9.3.1/thumb/v7e-m+fp/hard/crtbegin.o
 *(.bss*)
 .bss.i2cx      0x00000000200000ac       0x54 Audio/MY_CS43L22.o
 .bss.hAudioI2S
                0x0000000020000100        0x4 Audio/audioI2S.o
 .bss.wavFile   0x0000000020000104     0x1030 Audio/wav_player.o
 .bss.fileLength
                0x0000000020001134        0x4 Audio/wav_player.o
 .bss.audioBuffer
                0x0000000020001138     0x1000 Audio/wav_player.o
 .bss.audioRemainSize
                0x0000000020002138        0x4 Audio/wav_player.o
 .bss.samplingFreq
                0x000000002000213c        0x4 Audio/wav_player.o
 .bss.playerReadBytes
                0x0000000020002140        0x4 Audio/wav_player.o
 .bss.isFinished
                0x0000000020002144        0x1 Audio/wav_player.o
 .bss.playerControlSM
                0x0000000020002145        0x1 Audio/wav_player.o
 *fill*         0x0000000020002146        0x2 
 .bss.__sbrk_heap_end
                0x0000000020002148        0x4 Core/Src/sysmem.o
 .bss.FatFs     0x000000002000214c        0x4 Middlewares/Third_Party/FatFs/src/ff.o
 .bss.Fsid      0x0000000020002150        0x2 Middlewares/Third_Party/FatFs/src/ff.o
 *fill*         0x0000000020002152        0x2 
 .bss.Files     0x0000000020002154       0x20 Middlewares/Third_Party/FatFs/src/ff.o
 .bss.disk      0x0000000020002174        0xc Middlewares/Third_Party/FatFs/src/ff_gen_drv.o
                0x0000000020002174                disk
 .bss.Appli_state
                0x0000000020002180        0x1 USB_HOST/App/usb_host.o
                0x0000000020002180                Appli_state
 *fill*         0x0000000020002181        0x3 
 .bss.__malloc_free_list
                0x0000000020002184        0x4 c:/st/stm32cubeide_1.6.0/stm32cubeide/plugins/com.st.stm32cube.ide.mcu.externaltools.gnu-tools-for-stm32.9-2020-q2-update.win32_1.5.0.202011040924/tools/bin/../lib/gcc/arm-none-eabi/9.3.1/../../../../arm-none-eabi/lib/thumb/v7e-m+fp/hard\libc_nano.a(lib_a-nano-mallocr.o)
                0x0000000020002184                __malloc_free_list
 .bss.__malloc_sbrk_start
                0x0000000020002188        0x4 c:/st/stm32cubeide_1.6.0/stm32cubeide/plugins/com.st.stm32cube.ide.mcu.externaltools.gnu-tools-for-stm32.9-2020-q2-update.win32_1.5.0.202011040924/tools/bin/../lib/gcc/arm-none-eabi/9.3.1/../../../../arm-none-eabi/lib/thumb/v7e-m+fp/hard\libc_nano.a(lib_a-nano-mallocr.o)
                0x0000000020002188                __malloc_sbrk_start
 *(COMMON)
 COMMON         0x000000002000218c      0x100 Core/Src/main.o
                0x000000002000218c                hi2c1
                0x00000000200021e0                WAW_FILE
                0x00000000200021e4                hdma_spi3_tx
                0x0000000020002244                hi2s3
 COMMON         0x000000002000228c        0x4 Drivers/STM32F4xx_HAL_Driver/Src/stm32f4xx_hal.o
                0x000000002000228c                uwTick
 COMMON         0x0000000020002290     0x2069 FATFS/App/fatfs.o
                0x0000000020002290                USBHPath
                0x0000000020002294                USBHFile
                0x00000000200032c4                USBHFatFS
                0x00000000200042f8                retUSBH
 *fill*         0x00000000200042f9        0x3 
 COMMON         0x00000000200042fc      0x3d8 USB_HOST/App/usb_host.o
                0x00000000200042fc                hUsbHostFS
 COMMON         0x00000000200046d4      0x304 USB_HOST/Target/usbh_conf.o
                0x00000000200046d4                hhcd_USB_OTG_FS
 COMMON         0x00000000200049d8        0x4 c:/st/stm32cubeide_1.6.0/stm32cubeide/plugins/com.st.stm32cube.ide.mcu.externaltools.gnu-tools-for-stm32.9-2020-q2-update.win32_1.5.0.202011040924/tools/bin/../lib/gcc/arm-none-eabi/9.3.1/../../../../arm-none-eabi/lib/thumb/v7e-m+fp/hard\libc_nano.a(lib_a-reent.o)
                0x00000000200049d8                errno
 COMMON         0x00000000200049dc        0x9 c:/st/stm32cubeide_1.6.0/stm32cubeide/plugins/com.st.stm32cube.ide.mcu.externaltools.gnu-tools-for-stm32.9-2020-q2-update.win32_1.5.0.202011040924/tools/bin/../lib/gcc/arm-none-eabi/9.3.1/../../../../arm-none-eabi/lib/thumb/v7e-m+fp/hard\libc_nano.a(lib_a-lock.o)
                0x00000000200049dc                __lock___atexit_recursive_mutex
                0x00000000200049dd                __lock___arc4random_mutex
                0x00000000200049de                __lock___env_recursive_mutex
                0x00000000200049df                __lock___sinit_recursive_mutex
                0x00000000200049e0                __lock___malloc_recursive_mutex
                0x00000000200049e1                __lock___at_quick_exit_mutex
                0x00000000200049e2                __lock___dd_hash_mutex
                0x00000000200049e3                __lock___tz_mutex
                0x00000000200049e4                __lock___sfp_recursive_mutex
                0x00000000200049e8                . = ALIGN (0x4)
 *fill*         0x00000000200049e5        0x3 
                0x00000000200049e8                _ebss = .
                0x00000000200049e8                __bss_end__ = _ebss

._user_heap_stack
                0x00000000200049e8     0x4000 load address 0x000000000800e94c
                0x00000000200049e8                . = ALIGN (0x8)
                [!provide]                        PROVIDE (end = .)
                0x00000000200049e8                PROVIDE (_end = .)
                0x00000000200069e8                . = (. + _Min_Heap_Size)
 *fill*         0x00000000200049e8     0x2000 
                0x00000000200089e8                . = (. + _Min_Stack_Size)
 *fill*         0x00000000200069e8     0x2000 
                0x00000000200089e8                . = ALIGN (0x8)

/DISCARD/
 libc.a(*)
 libm.a(*)
 libgcc.a(*)

.ARM.attributes
                0x0000000000000000       0x30
 *(.ARM.attributes)
 .ARM.attributes
                0x0000000000000000       0x1e c:/st/stm32cubeide_1.6.0/stm32cubeide/plugins/com.st.stm32cube.ide.mcu.externaltools.gnu-tools-for-stm32.9-2020-q2-update.win32_1.5.0.202011040924/tools/bin/../lib/gcc/arm-none-eabi/9.3.1/thumb/v7e-m+fp/hard/crti.o
 .ARM.attributes
                0x000000000000001e       0x34 c:/st/stm32cubeide_1.6.0/stm32cubeide/plugins/com.st.stm32cube.ide.mcu.externaltools.gnu-tools-for-stm32.9-2020-q2-update.win32_1.5.0.202011040924/tools/bin/../lib/gcc/arm-none-eabi/9.3.1/thumb/v7e-m+fp/hard/crtbegin.o
 .ARM.attributes
                0x0000000000000052       0x34 Audio/MY_CS43L22.o
 .ARM.attributes
                0x0000000000000086       0x34 Audio/audioI2S.o
 .ARM.attributes
                0x00000000000000ba       0x34 Audio/wav_player.o
 .ARM.attributes
                0x00000000000000ee       0x34 Core/Src/main.o
 .ARM.attributes
                0x0000000000000122       0x34 Core/Src/stm32f4xx_hal_msp.o
 .ARM.attributes
                0x0000000000000156       0x34 Core/Src/stm32f4xx_it.o
 .ARM.attributes
                0x000000000000018a       0x34 Core/Src/sysmem.o
 .ARM.attributes
                0x00000000000001be       0x34 Core/Src/system_stm32f4xx.o
 .ARM.attributes
                0x00000000000001f2       0x21 Core/Startup/startup_stm32f407vgtx.o
 .ARM.attributes
                0x0000000000000213       0x34 Drivers/STM32F4xx_HAL_Driver/Src/stm32f4xx_hal.o
 .ARM.attributes
                0x0000000000000247       0x34 Drivers/STM32F4xx_HAL_Driver/Src/stm32f4xx_hal_cortex.o
 .ARM.attributes
                0x000000000000027b       0x34 Drivers/STM32F4xx_HAL_Driver/Src/stm32f4xx_hal_dma.o
 .ARM.attributes
                0x00000000000002af       0x34 Drivers/STM32F4xx_HAL_Driver/Src/stm32f4xx_hal_gpio.o
 .ARM.attributes
                0x00000000000002e3       0x34 Drivers/STM32F4xx_HAL_Driver/Src/stm32f4xx_hal_hcd.o
 .ARM.attributes
                0x0000000000000317       0x34 Drivers/STM32F4xx_HAL_Driver/Src/stm32f4xx_hal_i2c.o
 .ARM.attributes
                0x000000000000034b       0x34 Drivers/STM32F4xx_HAL_Driver/Src/stm32f4xx_hal_i2s.o
 .ARM.attributes
                0x000000000000037f       0x34 Drivers/STM32F4xx_HAL_Driver/Src/stm32f4xx_hal_i2s_ex.o
 .ARM.attributes
                0x00000000000003b3       0x34 Drivers/STM32F4xx_HAL_Driver/Src/stm32f4xx_hal_rcc.o
 .ARM.attributes
                0x00000000000003e7       0x34 Drivers/STM32F4xx_HAL_Driver/Src/stm32f4xx_hal_rcc_ex.o
 .ARM.attributes
                0x000000000000041b       0x34 Drivers/STM32F4xx_HAL_Driver/Src/stm32f4xx_ll_usb.o
 .ARM.attributes
                0x000000000000044f       0x34 FATFS/App/fatfs.o
 .ARM.attributes
                0x0000000000000483       0x34 FATFS/Target/usbh_diskio.o
 .ARM.attributes
                0x00000000000004b7       0x34 Middlewares/ST/STM32_USB_Host_Library/Class/MSC/Src/usbh_msc.o
 .ARM.attributes
                0x00000000000004eb       0x34 Middlewares/ST/STM32_USB_Host_Library/Class/MSC/Src/usbh_msc_bot.o
 .ARM.attributes
                0x000000000000051f       0x34 Middlewares/ST/STM32_USB_Host_Library/Class/MSC/Src/usbh_msc_scsi.o
 .ARM.attributes
                0x0000000000000553       0x34 Middlewares/ST/STM32_USB_Host_Library/Core/Src/usbh_core.o
 .ARM.attributes
                0x0000000000000587       0x34 Middlewares/ST/STM32_USB_Host_Library/Core/Src/usbh_ctlreq.o
 .ARM.attributes
                0x00000000000005bb       0x34 Middlewares/ST/STM32_USB_Host_Library/Core/Src/usbh_ioreq.o
 .ARM.attributes
                0x00000000000005ef       0x34 Middlewares/ST/STM32_USB_Host_Library/Core/Src/usbh_pipes.o
 .ARM.attributes
                0x0000000000000623       0x34 Middlewares/Third_Party/FatFs/src/diskio.o
 .ARM.attributes
                0x0000000000000657       0x34 Middlewares/Third_Party/FatFs/src/ff.o
 .ARM.attributes
                0x000000000000068b       0x34 Middlewares/Third_Party/FatFs/src/ff_gen_drv.o
 .ARM.attributes
                0x00000000000006bf       0x34 USB_HOST/App/usb_host.o
 .ARM.attributes
                0x00000000000006f3       0x34 USB_HOST/Target/usbh_conf.o
 .ARM.attributes
                0x0000000000000727       0x34 USB_HOST/Target/usbh_platform.o
 .ARM.attributes
                0x000000000000075b       0x34 c:/st/stm32cubeide_1.6.0/stm32cubeide/plugins/com.st.stm32cube.ide.mcu.externaltools.gnu-tools-for-stm32.9-2020-q2-update.win32_1.5.0.202011040924/tools/bin/../lib/gcc/arm-none-eabi/9.3.1/../../../../arm-none-eabi/lib/thumb/v7e-m+fp/hard\libc_nano.a(lib_a-errno.o)
 .ARM.attributes
                0x000000000000078f       0x32 c:/st/stm32cubeide_1.6.0/stm32cubeide/plugins/com.st.stm32cube.ide.mcu.externaltools.gnu-tools-for-stm32.9-2020-q2-update.win32_1.5.0.202011040924/tools/bin/../lib/gcc/arm-none-eabi/9.3.1/../../../../arm-none-eabi/lib/thumb/v7e-m+fp/hard\libc_nano.a(lib_a-impure.o)
 .ARM.attributes
                0x00000000000007c1       0x34 c:/st/stm32cubeide_1.6.0/stm32cubeide/plugins/com.st.stm32cube.ide.mcu.externaltools.gnu-tools-for-stm32.9-2020-q2-update.win32_1.5.0.202011040924/tools/bin/../lib/gcc/arm-none-eabi/9.3.1/../../../../arm-none-eabi/lib/thumb/v7e-m+fp/hard\libc_nano.a(lib_a-init.o)
 .ARM.attributes
                0x00000000000007f5       0x34 c:/st/stm32cubeide_1.6.0/stm32cubeide/plugins/com.st.stm32cube.ide.mcu.externaltools.gnu-tools-for-stm32.9-2020-q2-update.win32_1.5.0.202011040924/tools/bin/../lib/gcc/arm-none-eabi/9.3.1/../../../../arm-none-eabi/lib/thumb/v7e-m+fp/hard\libc_nano.a(lib_a-malloc.o)
 .ARM.attributes
                0x0000000000000829       0x34 c:/st/stm32cubeide_1.6.0/stm32cubeide/plugins/com.st.stm32cube.ide.mcu.externaltools.gnu-tools-for-stm32.9-2020-q2-update.win32_1.5.0.202011040924/tools/bin/../lib/gcc/arm-none-eabi/9.3.1/../../../../arm-none-eabi/lib/thumb/v7e-m+fp/hard\libc_nano.a(lib_a-memcpy-stub.o)
 .ARM.attributes
                0x000000000000085d       0x34 c:/st/stm32cubeide_1.6.0/stm32cubeide/plugins/com.st.stm32cube.ide.mcu.externaltools.gnu-tools-for-stm32.9-2020-q2-update.win32_1.5.0.202011040924/tools/bin/../lib/gcc/arm-none-eabi/9.3.1/../../../../arm-none-eabi/lib/thumb/v7e-m+fp/hard\libc_nano.a(lib_a-memset.o)
 .ARM.attributes
                0x0000000000000891       0x34 c:/st/stm32cubeide_1.6.0/stm32cubeide/plugins/com.st.stm32cube.ide.mcu.externaltools.gnu-tools-for-stm32.9-2020-q2-update.win32_1.5.0.202011040924/tools/bin/../lib/gcc/arm-none-eabi/9.3.1/../../../../arm-none-eabi/lib/thumb/v7e-m+fp/hard\libc_nano.a(lib_a-nano-freer.o)
 .ARM.attributes
                0x00000000000008c5       0x34 c:/st/stm32cubeide_1.6.0/stm32cubeide/plugins/com.st.stm32cube.ide.mcu.externaltools.gnu-tools-for-stm32.9-2020-q2-update.win32_1.5.0.202011040924/tools/bin/../lib/gcc/arm-none-eabi/9.3.1/../../../../arm-none-eabi/lib/thumb/v7e-m+fp/hard\libc_nano.a(lib_a-nano-mallocr.o)
 .ARM.attributes
                0x00000000000008f9       0x34 c:/st/stm32cubeide_1.6.0/stm32cubeide/plugins/com.st.stm32cube.ide.mcu.externaltools.gnu-tools-for-stm32.9-2020-q2-update.win32_1.5.0.202011040924/tools/bin/../lib/gcc/arm-none-eabi/9.3.1/../../../../arm-none-eabi/lib/thumb/v7e-m+fp/hard\libc_nano.a(lib_a-sbrkr.o)
 .ARM.attributes
                0x000000000000092d       0x34 c:/st/stm32cubeide_1.6.0/stm32cubeide/plugins/com.st.stm32cube.ide.mcu.externaltools.gnu-tools-for-stm32.9-2020-q2-update.win32_1.5.0.202011040924/tools/bin/../lib/gcc/arm-none-eabi/9.3.1/../../../../arm-none-eabi/lib/thumb/v7e-m+fp/hard\libc_nano.a(lib_a-mlock.o)
 .ARM.attributes
                0x0000000000000961       0x34 c:/st/stm32cubeide_1.6.0/stm32cubeide/plugins/com.st.stm32cube.ide.mcu.externaltools.gnu-tools-for-stm32.9-2020-q2-update.win32_1.5.0.202011040924/tools/bin/../lib/gcc/arm-none-eabi/9.3.1/../../../../arm-none-eabi/lib/thumb/v7e-m+fp/hard\libc_nano.a(lib_a-reent.o)
 .ARM.attributes
                0x0000000000000995       0x34 c:/st/stm32cubeide_1.6.0/stm32cubeide/plugins/com.st.stm32cube.ide.mcu.externaltools.gnu-tools-for-stm32.9-2020-q2-update.win32_1.5.0.202011040924/tools/bin/../lib/gcc/arm-none-eabi/9.3.1/../../../../arm-none-eabi/lib/thumb/v7e-m+fp/hard\libc_nano.a(lib_a-lock.o)
 .ARM.attributes
                0x00000000000009c9       0x1e c:/st/stm32cubeide_1.6.0/stm32cubeide/plugins/com.st.stm32cube.ide.mcu.externaltools.gnu-tools-for-stm32.9-2020-q2-update.win32_1.5.0.202011040924/tools/bin/../lib/gcc/arm-none-eabi/9.3.1/thumb/v7e-m+fp/hard\libgcc.a(_aeabi_uldivmod.o)
 .ARM.attributes
                0x00000000000009e7       0x34 c:/st/stm32cubeide_1.6.0/stm32cubeide/plugins/com.st.stm32cube.ide.mcu.externaltools.gnu-tools-for-stm32.9-2020-q2-update.win32_1.5.0.202011040924/tools/bin/../lib/gcc/arm-none-eabi/9.3.1/thumb/v7e-m+fp/hard\libgcc.a(_udivmoddi4.o)
 .ARM.attributes
                0x0000000000000a1b       0x1e c:/st/stm32cubeide_1.6.0/stm32cubeide/plugins/com.st.stm32cube.ide.mcu.externaltools.gnu-tools-for-stm32.9-2020-q2-update.win32_1.5.0.202011040924/tools/bin/../lib/gcc/arm-none-eabi/9.3.1/thumb/v7e-m+fp/hard\libgcc.a(_dvmd_tls.o)
 .ARM.attributes
                0x0000000000000a39       0x1e c:/st/stm32cubeide_1.6.0/stm32cubeide/plugins/com.st.stm32cube.ide.mcu.externaltools.gnu-tools-for-stm32.9-2020-q2-update.win32_1.5.0.202011040924/tools/bin/../lib/gcc/arm-none-eabi/9.3.1/thumb/v7e-m+fp/hard/crtn.o
OUTPUT(wavusb.elf elf32-littlearm)
LOAD linker stubs
LOAD c:/st/stm32cubeide_1.6.0/stm32cubeide/plugins/com.st.stm32cube.ide.mcu.externaltools.gnu-tools-for-stm32.9-2020-q2-update.win32_1.5.0.202011040924/tools/bin/../lib/gcc/arm-none-eabi/9.3.1/../../../../arm-none-eabi/lib/thumb/v7e-m+fp/hard\libc.a
LOAD c:/st/stm32cubeide_1.6.0/stm32cubeide/plugins/com.st.stm32cube.ide.mcu.externaltools.gnu-tools-for-stm32.9-2020-q2-update.win32_1.5.0.202011040924/tools/bin/../lib/gcc/arm-none-eabi/9.3.1/../../../../arm-none-eabi/lib/thumb/v7e-m+fp/hard\libm.a
LOAD c:/st/stm32cubeide_1.6.0/stm32cubeide/plugins/com.st.stm32cube.ide.mcu.externaltools.gnu-tools-for-stm32.9-2020-q2-update.win32_1.5.0.202011040924/tools/bin/../lib/gcc/arm-none-eabi/9.3.1/thumb/v7e-m+fp/hard\libgcc.a

.debug_info     0x0000000000000000    0x2a330
 .debug_info    0x0000000000000000      0xbf6 Audio/MY_CS43L22.o
 .debug_info    0x0000000000000bf6      0x987 Audio/audioI2S.o
 .debug_info    0x000000000000157d     0x19d9 Audio/wav_player.o
 .debug_info    0x0000000000002f56     0x27fb Core/Src/main.o
 .debug_info    0x0000000000005751      0xdb4 Core/Src/stm32f4xx_hal_msp.o
 .debug_info    0x0000000000006505      0x995 Core/Src/stm32f4xx_it.o
 .debug_info    0x0000000000006e9a      0xa25 Core/Src/sysmem.o
 .debug_info    0x00000000000078bf      0x5a4 Core/Src/system_stm32f4xx.o
 .debug_info    0x0000000000007e63       0x22 Core/Startup/startup_stm32f407vgtx.o
 .debug_info    0x0000000000007e85      0x9b2 Drivers/STM32F4xx_HAL_Driver/Src/stm32f4xx_hal.o
 .debug_info    0x0000000000008837      0xed7 Drivers/STM32F4xx_HAL_Driver/Src/stm32f4xx_hal_cortex.o
 .debug_info    0x000000000000970e      0x9f1 Drivers/STM32F4xx_HAL_Driver/Src/stm32f4xx_hal_dma.o
 .debug_info    0x000000000000a0ff      0x83e Drivers/STM32F4xx_HAL_Driver/Src/stm32f4xx_hal_gpio.o